<html>
<body>
<pre>
<h1>µVision Build Log</h1>
<h2>Tool Versions:</h2>
IDE-Version: µVision V5.30.0.0
Copyright (C) 2020 ARM Ltd and ARM Germany GmbH. All rights reserved.
License Information: Semih Ufuk Güler, Istanbul Commerce University, LIC=----
 
Tool Versions:
Toolchain:       MDK-Lite  Version: 5.30.0.0
Toolchain Path:  C:\Keil_v5\ARM\ARMCLANG\Bin
C Compiler:      ArmClang.exe V6.14
Assembler:       Armasm.exe V6.14
Linker/Locator:  ArmLink.exe V6.14
Library Manager: ArmAr.exe V6.14
Hex Converter:   FromElf.exe V6.14
CPU DLL:         SARMCM3.DLL V5.30.0.0
Dialog DLL:      DARMCM1.DLL V1.19.3.0
Target DLL:      UL2CM3.DLL V1.163.3.0
Dialog DLL:      TARMCM1.DLL V1.14.2.0
 
<h2>Project:</h2>
C:\Users\Sufuk\Documents\GitHub\STM32\Blinky\Blinky.uvprojx
Project File Date:  06/26/2020

<h2>Output:</h2>
*** Using Compiler 'V6.14', folder: 'C:\Keil_v5\ARM\ARMCLANG\Bin'
Build target 'Target 1'
compiling Main.c...
assembling startup_stm32f051x8.s...
compiling system_stm32f0xx.c...
linking...
Program Size: Code=304 RO-data=204 RW-data=0 ZI-data=1632  
".\Objects\Blinky.axf" - 0 Error(s), 0 Warning(s).

<h2>Software Packages used:</h2>

Package Vendor: ARM
                http://www.keil.com/pack/ARM.CMSIS.5.7.0.pack
                ARM.CMSIS.5.7.0
                CMSIS (Cortex Microcontroller Software Interface Standard)
   * Component: CORE Version: 5.4.0

Package Vendor: Keil
                http://www.keil.com/pack/Keil.STM32F0xx_DFP.2.1.0.pack
                Keil.STM32F0xx_DFP.2.1.0
                STMicroelectronics STM32F0 Series Device Support, Drivers and Examples
   * Component: Startup Version: 1.0.0

<h2>Collection of Component include folders:</h2>
  .\RTE\_Target_1
  C:\Users\Sufuk\AppData\Local\Arm\Packs\ARM\CMSIS\5.7.0\CMSIS\Core\Include
  C:\Users\Sufuk\AppData\Local\Arm\Packs\Keil\STM32F0xx_DFP\2.1.0\Drivers\CMSIS\Device\ST\STM32F0xx\Include

<h2>Collection of Component Files used:</h2>

   * Component: ARM::CMSIS:CORE:5.4.0

   * Component: Keil.Standalone::Device:Startup:1.0.0
      Include file:  Drivers\CMSIS\Device\ST\STM32F0xx\Include\stm32f0xx.h
      Source file:   MDK\Device\Source\ARM\STM32F0xx_OPT.s
      Source file:   Drivers\CMSIS\Device\ST\STM32F0xx\Source\Templates\arm\startup_stm32f051x8.s
      Source file:   Drivers\CMSIS\Device\ST\STM32F0xx\Source\Templates\system_stm32f0xx.c
Build Time Elapsed:  00:00:01
</pre>
</body>
</html>
