Component: ARM Compiler 6.14 Tool: armlink [5db06800]

==============================================================================

Section Cross References

    main.o(.ARM.exidx.text.main) refers to main.o(.text.main) for [Anonymous Symbol]
    main.o(.ARM.exidx.text.delay) refers to main.o(.text.delay) for [Anonymous Symbol]
    basicmathfunctions.o(.ARM.exidx.text.arm_abs_f32) refers to basicmathfunctions.o(.text.arm_abs_f32) for [Anonymous Symbol]
    basicmathfunctions.o(.ARM.exidx.text.arm_abs_q15) refers to basicmathfunctions.o(.text.arm_abs_q15) for [Anonymous Symbol]
    basicmathfunctions.o(.ARM.exidx.text.arm_abs_q31) refers to basicmathfunctions.o(.text.arm_abs_q31) for [Anonymous Symbol]
    basicmathfunctions.o(.ARM.exidx.text.arm_abs_q7) refers to basicmathfunctions.o(.text.arm_abs_q7) for [Anonymous Symbol]
    basicmathfunctions.o(.text.arm_add_f32) refers to faddsub.o(x$fpl$fadd) for __aeabi_fadd
    basicmathfunctions.o(.ARM.exidx.text.arm_add_f32) refers to basicmathfunctions.o(.text.arm_add_f32) for [Anonymous Symbol]
    basicmathfunctions.o(.ARM.exidx.text.arm_add_q15) refers to basicmathfunctions.o(.text.arm_add_q15) for [Anonymous Symbol]
    basicmathfunctions.o(.ARM.exidx.text.arm_add_q31) refers to basicmathfunctions.o(.text.arm_add_q31) for [Anonymous Symbol]
    basicmathfunctions.o(.ARM.exidx.text.arm_add_q7) refers to basicmathfunctions.o(.text.arm_add_q7) for [Anonymous Symbol]
    basicmathfunctions.o(.ARM.exidx.text.arm_and_u16) refers to basicmathfunctions.o(.text.arm_and_u16) for [Anonymous Symbol]
    basicmathfunctions.o(.ARM.exidx.text.arm_and_u32) refers to basicmathfunctions.o(.text.arm_and_u32) for [Anonymous Symbol]
    basicmathfunctions.o(.ARM.exidx.text.arm_and_u8) refers to basicmathfunctions.o(.text.arm_and_u8) for [Anonymous Symbol]
    basicmathfunctions.o(.text.arm_dot_prod_f32) refers to fmul.o(x$fpl$fmul) for __aeabi_fmul
    basicmathfunctions.o(.text.arm_dot_prod_f32) refers to faddsub.o(x$fpl$fadd) for __aeabi_fadd
    basicmathfunctions.o(.ARM.exidx.text.arm_dot_prod_f32) refers to basicmathfunctions.o(.text.arm_dot_prod_f32) for [Anonymous Symbol]
    basicmathfunctions.o(.ARM.exidx.text.arm_dot_prod_q15) refers to basicmathfunctions.o(.text.arm_dot_prod_q15) for [Anonymous Symbol]
    basicmathfunctions.o(.text.arm_dot_prod_q31) refers to llmul.o(.text) for __aeabi_lmul
    basicmathfunctions.o(.ARM.exidx.text.arm_dot_prod_q31) refers to basicmathfunctions.o(.text.arm_dot_prod_q31) for [Anonymous Symbol]
    basicmathfunctions.o(.ARM.exidx.text.arm_dot_prod_q7) refers to basicmathfunctions.o(.text.arm_dot_prod_q7) for [Anonymous Symbol]
    basicmathfunctions.o(.text.arm_mult_f32) refers to fmul.o(x$fpl$fmul) for __aeabi_fmul
    basicmathfunctions.o(.ARM.exidx.text.arm_mult_f32) refers to basicmathfunctions.o(.text.arm_mult_f32) for [Anonymous Symbol]
    basicmathfunctions.o(.ARM.exidx.text.arm_mult_q15) refers to basicmathfunctions.o(.text.arm_mult_q15) for [Anonymous Symbol]
    basicmathfunctions.o(.text.arm_mult_q31) refers to llmul.o(.text) for __aeabi_lmul
    basicmathfunctions.o(.ARM.exidx.text.arm_mult_q31) refers to basicmathfunctions.o(.text.arm_mult_q31) for [Anonymous Symbol]
    basicmathfunctions.o(.ARM.exidx.text.arm_mult_q7) refers to basicmathfunctions.o(.text.arm_mult_q7) for [Anonymous Symbol]
    basicmathfunctions.o(.ARM.exidx.text.arm_negate_f32) refers to basicmathfunctions.o(.text.arm_negate_f32) for [Anonymous Symbol]
    basicmathfunctions.o(.ARM.exidx.text.arm_negate_q15) refers to basicmathfunctions.o(.text.arm_negate_q15) for [Anonymous Symbol]
    basicmathfunctions.o(.ARM.exidx.text.arm_negate_q31) refers to basicmathfunctions.o(.text.arm_negate_q31) for [Anonymous Symbol]
    basicmathfunctions.o(.ARM.exidx.text.arm_negate_q7) refers to basicmathfunctions.o(.text.arm_negate_q7) for [Anonymous Symbol]
    basicmathfunctions.o(.ARM.exidx.text.arm_not_u16) refers to basicmathfunctions.o(.text.arm_not_u16) for [Anonymous Symbol]
    basicmathfunctions.o(.ARM.exidx.text.arm_not_u32) refers to basicmathfunctions.o(.text.arm_not_u32) for [Anonymous Symbol]
    basicmathfunctions.o(.ARM.exidx.text.arm_not_u8) refers to basicmathfunctions.o(.text.arm_not_u8) for [Anonymous Symbol]
    basicmathfunctions.o(.text.arm_offset_f32) refers to faddsub.o(x$fpl$fadd) for __aeabi_fadd
    basicmathfunctions.o(.ARM.exidx.text.arm_offset_f32) refers to basicmathfunctions.o(.text.arm_offset_f32) for [Anonymous Symbol]
    basicmathfunctions.o(.ARM.exidx.text.arm_offset_q15) refers to basicmathfunctions.o(.text.arm_offset_q15) for [Anonymous Symbol]
    basicmathfunctions.o(.ARM.exidx.text.arm_offset_q31) refers to basicmathfunctions.o(.text.arm_offset_q31) for [Anonymous Symbol]
    basicmathfunctions.o(.ARM.exidx.text.arm_offset_q7) refers to basicmathfunctions.o(.text.arm_offset_q7) for [Anonymous Symbol]
    basicmathfunctions.o(.ARM.exidx.text.arm_or_u16) refers to basicmathfunctions.o(.text.arm_or_u16) for [Anonymous Symbol]
[...]
    Removing distancefunctions.o(.text.arm_russellrao_distance), (56 bytes).
    Removing distancefunctions.o(.ARM.exidx.text.arm_russellrao_distance), (8 bytes).
    Removing distancefunctions.o(.text.arm_sokalmichener_distance), (90 bytes).
    Removing distancefunctions.o(.ARM.exidx.text.arm_sokalmichener_distance), (8 bytes).
    Removing distancefunctions.o(.text.arm_sokalsneath_distance), (74 bytes).
    Removing distancefunctions.o(.ARM.exidx.text.arm_sokalsneath_distance), (8 bytes).
    Removing distancefunctions.o(.text.arm_yule_distance), (108 bytes).
    Removing distancefunctions.o(.ARM.exidx.text.arm_yule_distance), (8 bytes).
    Removing fastmathfunctions.o(.text), (0 bytes).
    Removing fastmathfunctions.o(.text.arm_cos_f32), (168 bytes).
    Removing fastmathfunctions.o(.ARM.exidx.text.arm_cos_f32), (8 bytes).
    Removing fastmathfunctions.o(.text.arm_cos_q15), (72 bytes).
    Removing fastmathfunctions.o(.ARM.exidx.text.arm_cos_q15), (8 bytes).
    Removing fastmathfunctions.o(.text.arm_cos_q31), (72 bytes).
    Removing fastmathfunctions.o(.ARM.exidx.text.arm_cos_q31), (8 bytes).
    Removing fastmathfunctions.o(.text.arm_sin_f32), (160 bytes).
    Removing fastmathfunctions.o(.ARM.exidx.text.arm_sin_f32), (8 bytes).
    Removing fastmathfunctions.o(.text.arm_sin_q15), (56 bytes).
    Removing fastmathfunctions.o(.ARM.exidx.text.arm_sin_q15), (8 bytes).
    Removing fastmathfunctions.o(.text.arm_sin_q31), (64 bytes).
    Removing fastmathfunctions.o(.ARM.exidx.text.arm_sin_q31), (8 bytes).
    Removing fastmathfunctions.o(.text.arm_sqrt_q15), (236 bytes).
    Removing fastmathfunctions.o(.ARM.exidx.text.arm_sqrt_q15), (8 bytes).
    Removing fastmathfunctions.o(.text.arm_sqrt_q31), (372 bytes).
    Removing fastmathfunctions.o(.ARM.exidx.text.arm_sqrt_q31), (8 bytes).
    Removing fastmathfunctions.o(.text.arm_vexp_f32), (26 bytes).
    Removing fastmathfunctions.o(.ARM.exidx.text.arm_vexp_f32), (8 bytes).
    Removing fastmathfunctions.o(.text.arm_vlog_f32), (26 bytes).
    Removing fastmathfunctions.o(.ARM.exidx.text.arm_vlog_f32), (8 bytes).
    Removing filteringfunctions.o(.text), (0 bytes).
    Removing filteringfunctions.o(.text.arm_biquad_cas_df1_32x64_init_q31), (26 bytes).
    Removing filteringfunctions.o(.ARM.exidx.text.arm_biquad_cas_df1_32x64_init_q31), (8 bytes).
    Removing filteringfunctions.o(.text.arm_biquad_cas_df1_32x64_q31), (362 bytes).
    Removing filteringfunctions.o(.ARM.exidx.text.arm_biquad_cas_df1_32x64_q31), (8 bytes).
    Removing filteringfunctions.o(.text.arm_biquad_cascade_df1_f32), (188 bytes).
    Removing filteringfunctions.o(.ARM.exidx.text.arm_biquad_cascade_df1_f32), (8 bytes).
    Removing filteringfunctions.o(.text.arm_biquad_cascade_df1_fast_q15), (228 bytes).
    Removing filteringfunctions.o(.ARM.exidx.text.arm_biquad_cascade_df1_fast_q15), (8 bytes).
    Removing filteringfunctions.o(.text.arm_biquad_cascade_df1_fast_q31), (246 bytes).
    Removing filteringfunctions.o(.ARM.exidx.text.arm_biquad_cascade_df1_fast_q31), (8 bytes).
    Removing filteringfunctions.o(.text.arm_biquad_cascade_df1_init_f32), (22 bytes).
    Removing filteringfunctions.o(.ARM.exidx.text.arm_biquad_cascade_df1_init_f32), (8 bytes).
    Removing filteringfunctions.o(.text.arm_biquad_cascade_df1_init_q15), (26 bytes).
    Removing filteringfunctions.o(.ARM.exidx.text.arm_biquad_cascade_df1_init_q15), (8 bytes).
    Removing filteringfunctions.o(.text.arm_biquad_cascade_df1_init_q31), (26 bytes).
    Removing filteringfunctions.o(.ARM.exidx.text.arm_biquad_cascade_df1_init_q31), (8 bytes).
    Removing filteringfunctions.o(.text.arm_biquad_cascade_df1_q15), (232 bytes).
    Removing filteringfunctions.o(.ARM.exidx.text.arm_biquad_cascade_df1_q15), (8 bytes).
    Removing filteringfunctions.o(.text.arm_biquad_cascade_df1_q31), (234 bytes).
    Removing filteringfunctions.o(.ARM.exidx.text.arm_biquad_cascade_df1_q31), (8 bytes).
    Removing filteringfunctions.o(.text.arm_biquad_cascade_df2T_f32), (186 bytes).
    Removing filteringfunctions.o(.ARM.exidx.text.arm_biquad_cascade_df2T_f32), (8 bytes).
    Removing filteringfunctions.o(.text.arm_biquad_cascade_df2T_f64), (290 bytes).
    Removing filteringfunctions.o(.ARM.exidx.text.arm_biquad_cascade_df2T_f64), (8 bytes).
    Removing filteringfunctions.o(.text.arm_biquad_cascade_df2T_init_f32), (22 bytes).
    Removing filteringfunctions.o(.ARM.exidx.text.arm_biquad_cascade_df2T_init_f32), (8 bytes).
    Removing filteringfunctions.o(.text.arm_biquad_cascade_df2T_init_f64), (22 bytes).
    Removing filteringfunctions.o(.ARM.exidx.text.arm_biquad_cascade_df2T_init_f64), (8 bytes).
    Removing filteringfunctions.o(.text.arm_biquad_cascade_stereo_df2T_f32), (326 bytes).
    Removing filteringfunctions.o(.ARM.exidx.text.arm_biquad_cascade_stereo_df2T_f32), (8 bytes).
    Removing filteringfunctions.o(.text.arm_biquad_cascade_stereo_df2T_init_f32), (22 bytes).
    Removing filteringfunctions.o(.ARM.exidx.text.arm_biquad_cascade_stereo_df2T_init_f32), (8 bytes).
    Removing filteringfunctions.o(.text.arm_conv_f32), (108 bytes).
    Removing filteringfunctions.o(.ARM.exidx.text.arm_conv_f32), (8 bytes).
    Removing filteringfunctions.o(.text.arm_conv_fast_opt_q15), (248 bytes).
    Removing filteringfunctions.o(.ARM.exidx.text.arm_conv_fast_opt_q15), (8 bytes).
    Removing filteringfunctions.o(.text.arm_conv_fast_q15), (1692 bytes).
    Removing filteringfunctions.o(.ARM.exidx.text.arm_conv_fast_q15), (8 bytes).
    Removing filteringfunctions.o(.text.arm_conv_fast_q31), (1446 bytes).
    Removing filteringfunctions.o(.ARM.exidx.text.arm_conv_fast_q31), (8 bytes).
    Removing filteringfunctions.o(.text.arm_conv_opt_q15), (288 bytes).
    Removing filteringfunctions.o(.ARM.exidx.text.arm_conv_opt_q15), (8 bytes).
    Removing filteringfunctions.o(.text.arm_conv_opt_q7), (864 bytes).
    Removing filteringfunctions.o(.ARM.exidx.text.arm_conv_opt_q7), (8 bytes).
    Removing filteringfunctions.o(.text.arm_conv_partial_f32), (134 bytes).
    Removing filteringfunctions.o(.ARM.exidx.text.arm_conv_partial_f32), (8 bytes).
    Removing filteringfunctions.o(.text.arm_conv_partial_fast_opt_q15), (304 bytes).
    Removing filteringfunctions.o(.ARM.exidx.text.arm_conv_partial_fast_opt_q15), (8 bytes).
    Removing filteringfunctions.o(.text.arm_conv_partial_fast_q15), (1816 bytes).
    Removing filteringfunctions.o(.ARM.exidx.text.arm_conv_partial_fast_q15), (8 bytes).
    Removing filteringfunctions.o(.text.arm_conv_partial_fast_q31), (516 bytes).
    Removing filteringfunctions.o(.ARM.exidx.text.arm_conv_partial_fast_q31), (8 bytes).
    Removing filteringfunctions.o(.text.arm_conv_partial_opt_q15), (336 bytes).
    Removing filteringfunctions.o(.ARM.exidx.text.arm_conv_partial_opt_q15), (8 bytes).
    Removing filteringfunctions.o(.text.arm_conv_partial_opt_q7), (910 bytes).
    Removing filteringfunctions.o(.ARM.exidx.text.arm_conv_partial_opt_q7), (8 bytes).
    Removing filteringfunctions.o(.text.arm_conv_partial_q15), (184 bytes).
    Removing filteringfunctions.o(.ARM.exidx.text.arm_conv_partial_q15), (8 bytes).
    Removing filteringfunctions.o(.text.arm_conv_partial_q31), (152 bytes).
    Removing filteringfunctions.o(.ARM.exidx.text.arm_conv_partial_q31), (8 bytes).
    Removing filteringfunctions.o(.text.arm_conv_partial_q7), (118 bytes).
    Removing filteringfunctions.o(.ARM.exidx.text.arm_conv_partial_q7), (8 bytes).
    Removing filteringfunctions.o(.text.arm_conv_q15), (156 bytes).
    Removing filteringfunctions.o(.ARM.exidx.text.arm_conv_q15), (8 bytes).
    Removing filteringfunctions.o(.text.arm_conv_q31), (450 bytes).
    Removing filteringfunctions.o(.ARM.exidx.text.arm_conv_q31), (8 bytes).
    Removing filteringfunctions.o(.text.arm_conv_q7), (416 bytes).
    Removing filteringfunctions.o(.ARM.exidx.text.arm_conv_q7), (8 bytes).
    Removing filteringfunctions.o(.text.arm_correlate_f32), (176 bytes).
    Removing filteringfunctions.o(.ARM.exidx.text.arm_correlate_f32), (8 bytes).
    Removing filteringfunctions.o(.text.arm_correlate_fast_opt_q15), (248 bytes).
    Removing filteringfunctions.o(.ARM.exidx.text.arm_correlate_fast_opt_q15), (8 bytes).
    Removing filteringfunctions.o(.text.arm_correlate_fast_q15), (1276 bytes).
    Removing filteringfunctions.o(.ARM.exidx.text.arm_correlate_fast_q15), (8 bytes).
    Removing filteringfunctions.o(.text.arm_correlate_fast_q31), (1368 bytes).
    Removing filteringfunctions.o(.ARM.exidx.text.arm_correlate_fast_q31), (8 bytes).
    Removing filteringfunctions.o(.text.arm_correlate_opt_q15), (292 bytes).
    Removing filteringfunctions.o(.ARM.exidx.text.arm_correlate_opt_q15), (8 bytes).
    Removing filteringfunctions.o(.text.arm_correlate_opt_q7), (866 bytes).
    Removing filteringfunctions.o(.ARM.exidx.text.arm_correlate_opt_q7), (8 bytes).
    Removing filteringfunctions.o(.text.arm_correlate_q15), (224 bytes).
    Removing filteringfunctions.o(.ARM.exidx.text.arm_correlate_q15), (8 bytes).
    Removing filteringfunctions.o(.text.arm_correlate_q31), (424 bytes).
    Removing filteringfunctions.o(.ARM.exidx.text.arm_correlate_q31), (8 bytes).
    Removing filteringfunctions.o(.text.arm_correlate_q7), (394 bytes).
    Removing filteringfunctions.o(.ARM.exidx.text.arm_correlate_q7), (8 bytes).
    Removing filteringfunctions.o(.text.arm_fir_decimate_f32), (150 bytes).
    Removing filteringfunctions.o(.ARM.exidx.text.arm_fir_decimate_f32), (8 bytes).
    Removing filteringfunctions.o(.text.arm_fir_decimate_fast_q15), (352 bytes).
    Removing filteringfunctions.o(.ARM.exidx.text.arm_fir_decimate_fast_q15), (8 bytes).
    Removing filteringfunctions.o(.text.arm_fir_decimate_fast_q31), (146 bytes).
    Removing filteringfunctions.o(.ARM.exidx.text.arm_fir_decimate_fast_q31), (8 bytes).
    Removing filteringfunctions.o(.text.arm_fir_decimate_init_f32), (60 bytes).
    Removing filteringfunctions.o(.ARM.exidx.text.arm_fir_decimate_init_f32), (8 bytes).
    Removing filteringfunctions.o(.text.arm_fir_decimate_init_q15), (60 bytes).
    Removing filteringfunctions.o(.ARM.exidx.text.arm_fir_decimate_init_q15), (8 bytes).
    Removing filteringfunctions.o(.text.arm_fir_decimate_init_q31), (60 bytes).
    Removing filteringfunctions.o(.ARM.exidx.text.arm_fir_decimate_init_q31), (8 bytes).
    Removing filteringfunctions.o(.text.arm_fir_decimate_q15), (412 bytes).
    Removing filteringfunctions.o(.ARM.exidx.text.arm_fir_decimate_q15), (8 bytes).
    Removing filteringfunctions.o(.text.arm_fir_decimate_q31), (158 bytes).
    Removing filteringfunctions.o(.ARM.exidx.text.arm_fir_decimate_q31), (8 bytes).
    Removing filteringfunctions.o(.text.arm_fir_f32), (120 bytes).
    Removing filteringfunctions.o(.ARM.exidx.text.arm_fir_f32), (8 bytes).
    Removing filteringfunctions.o(.text.arm_fir_fast_q15), (148 bytes).
    Removing filteringfunctions.o(.ARM.exidx.text.arm_fir_fast_q15), (8 bytes).
    Removing filteringfunctions.o(.text.arm_fir_fast_q31), (118 bytes).
    Removing filteringfunctions.o(.ARM.exidx.text.arm_fir_fast_q31), (8 bytes).
    Removing filteringfunctions.o(.text.arm_fir_init_f32), (28 bytes).
    Removing filteringfunctions.o(.ARM.exidx.text.arm_fir_init_f32), (8 bytes).
    Removing filteringfunctions.o(.text.arm_fir_init_q15), (30 bytes).
    Removing filteringfunctions.o(.ARM.exidx.text.arm_fir_init_q15), (8 bytes).
    Removing filteringfunctions.o(.text.arm_fir_init_q31), (28 bytes).
    Removing filteringfunctions.o(.ARM.exidx.text.arm_fir_init_q31), (8 bytes).
    Removing filteringfunctions.o(.text.arm_fir_init_q7), (26 bytes).
    Removing filteringfunctions.o(.ARM.exidx.text.arm_fir_init_q7), (8 bytes).
    Removing filteringfunctions.o(.text.arm_fir_interpolate_f32), (174 bytes).
    Removing filteringfunctions.o(.ARM.exidx.text.arm_fir_interpolate_f32), (8 bytes).
    Removing filteringfunctions.o(.text.arm_fir_interpolate_init_f32), (62 bytes).
    Removing filteringfunctions.o(.ARM.exidx.text.arm_fir_interpolate_init_f32), (8 bytes).
    Removing filteringfunctions.o(.text.arm_fir_interpolate_init_q15), (62 bytes).
    Removing filteringfunctions.o(.ARM.exidx.text.arm_fir_interpolate_init_q15), (8 bytes).
    Removing filteringfunctions.o(.text.arm_fir_interpolate_init_q31), (62 bytes).
    Removing filteringfunctions.o(.ARM.exidx.text.arm_fir_interpolate_init_q31), (8 bytes).
    Removing filteringfunctions.o(.text.arm_fir_interpolate_q15), (236 bytes).
    Removing filteringfunctions.o(.ARM.exidx.text.arm_fir_interpolate_q15), (8 bytes).
    Removing filteringfunctions.o(.text.arm_fir_interpolate_q31), (192 bytes).
    Removing filteringfunctions.o(.ARM.exidx.text.arm_fir_interpolate_q31), (8 bytes).
    Removing filteringfunctions.o(.text.arm_fir_lattice_f32), (170 bytes).
    Removing filteringfunctions.o(.ARM.exidx.text.arm_fir_lattice_f32), (8 bytes).
    Removing filteringfunctions.o(.text.arm_fir_lattice_init_f32), (22 bytes).
    Removing filteringfunctions.o(.ARM.exidx.text.arm_fir_lattice_init_f32), (8 bytes).
    Removing filteringfunctions.o(.text.arm_fir_lattice_init_q15), (22 bytes).
    Removing filteringfunctions.o(.ARM.exidx.text.arm_fir_lattice_init_q15), (8 bytes).
    Removing filteringfunctions.o(.text.arm_fir_lattice_init_q31), (22 bytes).
    Removing filteringfunctions.o(.ARM.exidx.text.arm_fir_lattice_init_q31), (8 bytes).
    Removing filteringfunctions.o(.text.arm_fir_lattice_q15), (204 bytes).
    Removing filteringfunctions.o(.ARM.exidx.text.arm_fir_lattice_q15), (8 bytes).
    Removing filteringfunctions.o(.text.arm_fir_lattice_q31), (180 bytes).
    Removing filteringfunctions.o(.ARM.exidx.text.arm_fir_lattice_q31), (8 bytes).
    Removing filteringfunctions.o(.text.arm_fir_q15), (192 bytes).
    Removing filteringfunctions.o(.ARM.exidx.text.arm_fir_q15), (8 bytes).
    Removing filteringfunctions.o(.text.arm_fir_q31), (128 bytes).
    Removing filteringfunctions.o(.ARM.exidx.text.arm_fir_q31), (8 bytes).
    Removing filteringfunctions.o(.text.arm_fir_q7), (126 bytes).
    Removing filteringfunctions.o(.ARM.exidx.text.arm_fir_q7), (8 bytes).
    Removing filteringfunctions.o(.text.arm_fir_sparse_f32), (352 bytes).
    Removing filteringfunctions.o(.ARM.exidx.text.arm_fir_sparse_f32), (8 bytes).
    Removing filteringfunctions.o(.text.arm_fir_sparse_init_f32), (38 bytes).
    Removing filteringfunctions.o(.ARM.exidx.text.arm_fir_sparse_init_f32), (8 bytes).
    Removing filteringfunctions.o(.text.arm_fir_sparse_init_q15), (38 bytes).
    Removing filteringfunctions.o(.ARM.exidx.text.arm_fir_sparse_init_q15), (8 bytes).
    Removing filteringfunctions.o(.text.arm_fir_sparse_init_q31), (38 bytes).
    Removing filteringfunctions.o(.ARM.exidx.text.arm_fir_sparse_init_q31), (8 bytes).
    Removing filteringfunctions.o(.text.arm_fir_sparse_init_q7), (36 bytes).
    Removing filteringfunctions.o(.ARM.exidx.text.arm_fir_sparse_init_q7), (8 bytes).
    Removing filteringfunctions.o(.text.arm_fir_sparse_q15), (404 bytes).
    Removing filteringfunctions.o(.ARM.exidx.text.arm_fir_sparse_q15), (8 bytes).
    Removing filteringfunctions.o(.text.arm_fir_sparse_q31), (378 bytes).
    Removing filteringfunctions.o(.ARM.exidx.text.arm_fir_sparse_q31), (8 bytes).
    Removing filteringfunctions.o(.text.arm_fir_sparse_q7), (384 bytes).
    Removing filteringfunctions.o(.ARM.exidx.text.arm_fir_sparse_q7), (8 bytes).
    Removing filteringfunctions.o(.text.arm_iir_lattice_f32), (200 bytes).
    Removing filteringfunctions.o(.ARM.exidx.text.arm_iir_lattice_f32), (8 bytes).
    Removing filteringfunctions.o(.text.arm_iir_lattice_init_f32), (28 bytes).
    Removing filteringfunctions.o(.ARM.exidx.text.arm_iir_lattice_init_f32), (8 bytes).
    Removing filteringfunctions.o(.text.arm_iir_lattice_init_q15), (28 bytes).
    Removing filteringfunctions.o(.ARM.exidx.text.arm_iir_lattice_init_q15), (8 bytes).
    Removing filteringfunctions.o(.text.arm_iir_lattice_init_q31), (28 bytes).
    Removing filteringfunctions.o(.ARM.exidx.text.arm_iir_lattice_init_q31), (8 bytes).
    Removing filteringfunctions.o(.text.arm_iir_lattice_q15), (248 bytes).
    Removing filteringfunctions.o(.ARM.exidx.text.arm_iir_lattice_q15), (8 bytes).
    Removing filteringfunctions.o(.text.arm_iir_lattice_q31), (276 bytes).
    Removing filteringfunctions.o(.ARM.exidx.text.arm_iir_lattice_q31), (8 bytes).
    Removing filteringfunctions.o(.text.arm_lms_f32), (210 bytes).
    Removing filteringfunctions.o(.ARM.exidx.text.arm_lms_f32), (8 bytes).
    Removing filteringfunctions.o(.text.arm_lms_init_f32), (32 bytes).
    Removing filteringfunctions.o(.ARM.exidx.text.arm_lms_init_f32), (8 bytes).
    Removing filteringfunctions.o(.text.arm_lms_init_q15), (36 bytes).
    Removing filteringfunctions.o(.ARM.exidx.text.arm_lms_init_q15), (8 bytes).
    Removing filteringfunctions.o(.text.arm_lms_init_q31), (36 bytes).
    Removing filteringfunctions.o(.ARM.exidx.text.arm_lms_init_q31), (8 bytes).
    Removing filteringfunctions.o(.text.arm_lms_norm_f32), (290 bytes).
    Removing filteringfunctions.o(.ARM.exidx.text.arm_lms_norm_f32), (8 bytes).
    Removing filteringfunctions.o(.text.arm_lms_norm_init_f32), (38 bytes).
    Removing filteringfunctions.o(.ARM.exidx.text.arm_lms_norm_init_f32), (8 bytes).
    Removing filteringfunctions.o(.text.arm_lms_norm_init_q15), (48 bytes).
    Removing filteringfunctions.o(.ARM.exidx.text.arm_lms_norm_init_q15), (8 bytes).
    Removing filteringfunctions.o(.text.arm_lms_norm_init_q31), (52 bytes).
    Removing filteringfunctions.o(.ARM.exidx.text.arm_lms_norm_init_q31), (8 bytes).
    Removing filteringfunctions.o(.text.arm_lms_norm_q15), (524 bytes).
    Removing filteringfunctions.o(.ARM.exidx.text.arm_lms_norm_q15), (8 bytes).
    Removing filteringfunctions.o(.text.arm_lms_norm_q31), (580 bytes).
    Removing filteringfunctions.o(.ARM.exidx.text.arm_lms_norm_q31), (8 bytes).
    Removing filteringfunctions.o(.text.arm_lms_q15), (248 bytes).
    Removing filteringfunctions.o(.ARM.exidx.text.arm_lms_q15), (8 bytes).
    Removing filteringfunctions.o(.text.arm_lms_q31), (272 bytes).
    Removing filteringfunctions.o(.ARM.exidx.text.arm_lms_q31), (8 bytes).
    Removing matrixfunctions.o(.text), (0 bytes).
    Removing matrixfunctions.o(.text.arm_mat_add_f32), (36 bytes).
    Removing matrixfunctions.o(.ARM.exidx.text.arm_mat_add_f32), (8 bytes).
    Removing matrixfunctions.o(.text.arm_mat_add_q15), (68 bytes).
    Removing matrixfunctions.o(.ARM.exidx.text.arm_mat_add_q15), (8 bytes).
    Removing matrixfunctions.o(.text.arm_mat_add_q31), (56 bytes).
    Removing matrixfunctions.o(.ARM.exidx.text.arm_mat_add_q31), (8 bytes).
    Removing matrixfunctions.o(.text.arm_mat_cmplx_mult_f32), (214 bytes).
    Removing matrixfunctions.o(.ARM.exidx.text.arm_mat_cmplx_mult_f32), (8 bytes).
    Removing matrixfunctions.o(.text.arm_mat_cmplx_mult_q15), (488 bytes).
    Removing matrixfunctions.o(.ARM.exidx.text.arm_mat_cmplx_mult_q15), (8 bytes).
    Removing matrixfunctions.o(.text.arm_mat_cmplx_mult_q31), (300 bytes).
    Removing matrixfunctions.o(.ARM.exidx.text.arm_mat_cmplx_mult_q31), (8 bytes).
    Removing matrixfunctions.o(.text.arm_mat_init_f32), (8 bytes).
    Removing matrixfunctions.o(.ARM.exidx.text.arm_mat_init_f32), (8 bytes).
    Removing matrixfunctions.o(.text.arm_mat_init_q15), (8 bytes).
    Removing matrixfunctions.o(.ARM.exidx.text.arm_mat_init_q15), (8 bytes).
    Removing matrixfunctions.o(.text.arm_mat_init_q31), (8 bytes).
    Removing matrixfunctions.o(.ARM.exidx.text.arm_mat_init_q31), (8 bytes).
    Removing matrixfunctions.o(.text.arm_mat_inverse_f32), (558 bytes).
    Removing matrixfunctions.o(.ARM.exidx.text.arm_mat_inverse_f32), (8 bytes).
    Removing matrixfunctions.o(.text.arm_mat_inverse_f64), (660 bytes).
    Removing matrixfunctions.o(.ARM.exidx.text.arm_mat_inverse_f64), (8 bytes).
    Removing matrixfunctions.o(.text.arm_mat_mult_f32), (124 bytes).
    Removing matrixfunctions.o(.ARM.exidx.text.arm_mat_mult_f32), (8 bytes).
    Removing matrixfunctions.o(.text.arm_mat_mult_fast_q15), (316 bytes).
    Removing matrixfunctions.o(.ARM.exidx.text.arm_mat_mult_fast_q15), (8 bytes).
    Removing matrixfunctions.o(.text.arm_mat_mult_fast_q31), (522 bytes).
    Removing matrixfunctions.o(.ARM.exidx.text.arm_mat_mult_fast_q31), (8 bytes).
    Removing matrixfunctions.o(.text.arm_mat_mult_q15), (160 bytes).
    Removing matrixfunctions.o(.ARM.exidx.text.arm_mat_mult_q15), (8 bytes).
    Removing matrixfunctions.o(.text.arm_mat_mult_q31), (138 bytes).
    Removing matrixfunctions.o(.ARM.exidx.text.arm_mat_mult_q31), (8 bytes).
    Removing matrixfunctions.o(.text.arm_mat_scale_f32), (36 bytes).
    Removing matrixfunctions.o(.ARM.exidx.text.arm_mat_scale_f32), (8 bytes).
    Removing matrixfunctions.o(.text.arm_mat_scale_q15), (68 bytes).
    Removing matrixfunctions.o(.ARM.exidx.text.arm_mat_scale_q15), (8 bytes).
    Removing matrixfunctions.o(.text.arm_mat_scale_q31), (64 bytes).
    Removing matrixfunctions.o(.ARM.exidx.text.arm_mat_scale_q31), (8 bytes).
    Removing matrixfunctions.o(.text.arm_mat_sub_f32), (36 bytes).
    Removing matrixfunctions.o(.ARM.exidx.text.arm_mat_sub_f32), (8 bytes).
    Removing matrixfunctions.o(.text.arm_mat_sub_q15), (68 bytes).
    Removing matrixfunctions.o(.ARM.exidx.text.arm_mat_sub_q15), (8 bytes).
    Removing matrixfunctions.o(.text.arm_mat_sub_q31), (56 bytes).
    Removing matrixfunctions.o(.ARM.exidx.text.arm_mat_sub_q31), (8 bytes).
    Removing matrixfunctions.o(.text.arm_mat_trans_f32), (40 bytes).
    Removing matrixfunctions.o(.ARM.exidx.text.arm_mat_trans_f32), (8 bytes).
    Removing matrixfunctions.o(.text.arm_mat_trans_q15), (42 bytes).
    Removing matrixfunctions.o(.ARM.exidx.text.arm_mat_trans_q15), (8 bytes).
    Removing matrixfunctions.o(.text.arm_mat_trans_q31), (40 bytes).
    Removing matrixfunctions.o(.ARM.exidx.text.arm_mat_trans_q31), (8 bytes).
    Removing svmfunctions.o(.text), (0 bytes).
    Removing svmfunctions.o(.text.arm_svm_linear_init_f32), (16 bytes).
    Removing svmfunctions.o(.ARM.exidx.text.arm_svm_linear_init_f32), (8 bytes).
    Removing svmfunctions.o(.text.arm_svm_linear_predict_f32), (136 bytes).
    Removing svmfunctions.o(.ARM.exidx.text.arm_svm_linear_predict_f32), (8 bytes).
    Removing svmfunctions.o(.text.arm_svm_polynomial_init_f32), (28 bytes).
    Removing svmfunctions.o(.ARM.exidx.text.arm_svm_polynomial_init_f32), (8 bytes).
    Removing svmfunctions.o(.text.arm_svm_polynomial_predict_f32), (170 bytes).
    Removing svmfunctions.o(.ARM.exidx.text.arm_svm_polynomial_predict_f32), (8 bytes).
    Removing svmfunctions.o(.text.arm_svm_rbf_init_f32), (20 bytes).
    Removing svmfunctions.o(.ARM.exidx.text.arm_svm_rbf_init_f32), (8 bytes).
    Removing svmfunctions.o(.text.arm_svm_rbf_predict_f32), (150 bytes).
    Removing svmfunctions.o(.ARM.exidx.text.arm_svm_rbf_predict_f32), (8 bytes).
    Removing svmfunctions.o(.text.arm_svm_sigmoid_init_f32), (24 bytes).
    Removing svmfunctions.o(.ARM.exidx.text.arm_svm_sigmoid_init_f32), (8 bytes).
    Removing svmfunctions.o(.text.arm_svm_sigmoid_predict_f32), (146 bytes).
    Removing svmfunctions.o(.ARM.exidx.text.arm_svm_sigmoid_predict_f32), (8 bytes).
    Removing statisticsfunctions.o(.text), (0 bytes).
    Removing statisticsfunctions.o(.text.arm_entropy_f32), (52 bytes).
    Removing statisticsfunctions.o(.ARM.exidx.text.arm_entropy_f32), (8 bytes).
    Removing statisticsfunctions.o(.text.arm_entropy_f64), (78 bytes).
    Removing statisticsfunctions.o(.ARM.exidx.text.arm_entropy_f64), (8 bytes).
    Removing statisticsfunctions.o(.text.arm_kullback_leibler_f32), (64 bytes).
    Removing statisticsfunctions.o(.ARM.exidx.text.arm_kullback_leibler_f32), (8 bytes).
    Removing statisticsfunctions.o(.text.arm_kullback_leibler_f64), (88 bytes).
    Removing statisticsfunctions.o(.ARM.exidx.text.arm_kullback_leibler_f64), (8 bytes).
    Removing statisticsfunctions.o(.text.arm_logsumexp_dot_prod_f32), (24 bytes).
    Removing statisticsfunctions.o(.ARM.exidx.text.arm_logsumexp_dot_prod_f32), (8 bytes).
    Removing statisticsfunctions.o(.text.arm_logsumexp_f32), (90 bytes).
    Removing statisticsfunctions.o(.ARM.exidx.text.arm_logsumexp_f32), (8 bytes).
    Removing statisticsfunctions.o(.text.arm_max_f32), (84 bytes).
    Removing statisticsfunctions.o(.ARM.exidx.text.arm_max_f32), (8 bytes).
    Removing statisticsfunctions.o(.text.arm_max_q15), (58 bytes).
    Removing statisticsfunctions.o(.ARM.exidx.text.arm_max_q15), (8 bytes).
    Removing statisticsfunctions.o(.text.arm_max_q31), (46 bytes).
    Removing statisticsfunctions.o(.ARM.exidx.text.arm_max_q31), (8 bytes).
    Removing statisticsfunctions.o(.text.arm_max_q7), (52 bytes).
    Removing statisticsfunctions.o(.ARM.exidx.text.arm_max_q7), (8 bytes).
    Removing statisticsfunctions.o(.text.arm_max_no_idx_f32), (48 bytes).
    Removing statisticsfunctions.o(.ARM.exidx.text.arm_max_no_idx_f32), (8 bytes).
    Removing statisticsfunctions.o(.text.arm_mean_f32), (50 bytes).
    Removing statisticsfunctions.o(.ARM.exidx.text.arm_mean_f32), (8 bytes).
    Removing statisticsfunctions.o(.text.arm_mean_q15), (34 bytes).
    Removing statisticsfunctions.o(.ARM.exidx.text.arm_mean_q15), (8 bytes).
    Removing statisticsfunctions.o(.text.arm_mean_q31), (40 bytes).
    Removing statisticsfunctions.o(.ARM.exidx.text.arm_mean_q31), (8 bytes).
    Removing statisticsfunctions.o(.text.arm_mean_q7), (30 bytes).
    Removing statisticsfunctions.o(.ARM.exidx.text.arm_mean_q7), (8 bytes).
    Removing statisticsfunctions.o(.text.arm_min_f32), (84 bytes).
    Removing statisticsfunctions.o(.ARM.exidx.text.arm_min_f32), (8 bytes).
    Removing statisticsfunctions.o(.text.arm_min_q15), (58 bytes).
    Removing statisticsfunctions.o(.ARM.exidx.text.arm_min_q15), (8 bytes).
    Removing statisticsfunctions.o(.text.arm_min_q31), (46 bytes).
    Removing statisticsfunctions.o(.ARM.exidx.text.arm_min_q31), (8 bytes).
    Removing statisticsfunctions.o(.text.arm_min_q7), (52 bytes).
    Removing statisticsfunctions.o(.ARM.exidx.text.arm_min_q7), (8 bytes).
    Removing statisticsfunctions.o(.text.arm_power_f32), (40 bytes).
    Removing statisticsfunctions.o(.ARM.exidx.text.arm_power_f32), (8 bytes).
    Removing statisticsfunctions.o(.text.arm_power_q15), (32 bytes).
    Removing statisticsfunctions.o(.ARM.exidx.text.arm_power_q15), (8 bytes).
    Removing statisticsfunctions.o(.text.arm_power_q31), (50 bytes).
    Removing statisticsfunctions.o(.ARM.exidx.text.arm_power_q31), (8 bytes).
    Removing statisticsfunctions.o(.text.arm_power_q7), (26 bytes).
    Removing statisticsfunctions.o(.ARM.exidx.text.arm_power_q7), (8 bytes).
    Removing statisticsfunctions.o(.text.arm_rms_f32), (80 bytes).
    Removing statisticsfunctions.o(.ARM.exidx.text.arm_rms_f32), (8 bytes).
    Removing statisticsfunctions.o(.text.arm_rms_q15), (84 bytes).
    Removing statisticsfunctions.o(.ARM.exidx.text.arm_rms_q15), (8 bytes).
    Removing statisticsfunctions.o(.text.arm_rms_q31), (80 bytes).
    Removing statisticsfunctions.o(.ARM.exidx.text.arm_rms_q31), (8 bytes).
    Removing statisticsfunctions.o(.text.arm_std_f32), (38 bytes).
    Removing statisticsfunctions.o(.ARM.exidx.text.arm_std_f32), (8 bytes).
    Removing statisticsfunctions.o(.text.arm_var_f32), (120 bytes).
    Removing statisticsfunctions.o(.ARM.exidx.text.arm_var_f32), (8 bytes).
    Removing statisticsfunctions.o(.text.arm_std_q15), (132 bytes).
    Removing statisticsfunctions.o(.ARM.exidx.text.arm_std_q15), (8 bytes).
    Removing statisticsfunctions.o(.text.arm_std_q31), (148 bytes).
    Removing statisticsfunctions.o(.ARM.exidx.text.arm_std_q31), (8 bytes).
    Removing statisticsfunctions.o(.text.arm_var_q15), (100 bytes).
    Removing statisticsfunctions.o(.ARM.exidx.text.arm_var_q15), (8 bytes).
    Removing statisticsfunctions.o(.text.arm_var_q31), (144 bytes).
    Removing statisticsfunctions.o(.ARM.exidx.text.arm_var_q31), (8 bytes).
    Removing supportfunctions.o(.text), (0 bytes).
    Removing supportfunctions.o(.text.arm_barycenter_f32), (114 bytes).
    Removing supportfunctions.o(.ARM.exidx.text.arm_barycenter_f32), (8 bytes).
    Removing supportfunctions.o(.text.arm_bitonic_sort_f32), (260 bytes).
    Removing supportfunctions.o(.ARM.exidx.text.arm_bitonic_sort_f32), (8 bytes).
    Removing supportfunctions.o(.text.arm_bubble_sort_f32), (110 bytes).
    Removing supportfunctions.o(.ARM.exidx.text.arm_bubble_sort_f32), (8 bytes).
    Removing supportfunctions.o(.text.arm_copy_f32), (14 bytes).
    Removing supportfunctions.o(.ARM.exidx.text.arm_copy_f32), (8 bytes).
    Removing supportfunctions.o(.text.arm_copy_q15), (18 bytes).
    Removing supportfunctions.o(.ARM.exidx.text.arm_copy_q15), (8 bytes).
    Removing supportfunctions.o(.text.arm_copy_q31), (14 bytes).
    Removing supportfunctions.o(.ARM.exidx.text.arm_copy_q31), (8 bytes).
    Removing supportfunctions.o(.text.arm_copy_q7), (18 bytes).
    Removing supportfunctions.o(.ARM.exidx.text.arm_copy_q7), (8 bytes).
    Removing supportfunctions.o(.text.arm_fill_f32), (12 bytes).
    Removing supportfunctions.o(.ARM.exidx.text.arm_fill_f32), (8 bytes).
    Removing supportfunctions.o(.text.arm_fill_q15), (14 bytes).
    Removing supportfunctions.o(.ARM.exidx.text.arm_fill_q15), (8 bytes).
    Removing supportfunctions.o(.text.arm_fill_q31), (12 bytes).
    Removing supportfunctions.o(.ARM.exidx.text.arm_fill_q31), (8 bytes).
    Removing supportfunctions.o(.text.arm_fill_q7), (14 bytes).
    Removing supportfunctions.o(.ARM.exidx.text.arm_fill_q7), (8 bytes).
    Removing supportfunctions.o(.text.arm_heap_sort_f32), (84 bytes).
    Removing supportfunctions.o(.ARM.exidx.text.arm_heap_sort_f32), (8 bytes).
    Removing supportfunctions.o(.text.arm_heapify), (108 bytes).
    Removing supportfunctions.o(.ARM.exidx.text.arm_heapify), (8 bytes).
    Removing supportfunctions.o(.text.arm_insertion_sort_f32), (112 bytes).
    Removing supportfunctions.o(.ARM.exidx.text.arm_insertion_sort_f32), (8 bytes).
    Removing supportfunctions.o(.text.arm_merge_sort_f32), (60 bytes).
    Removing supportfunctions.o(.ARM.exidx.text.arm_merge_sort_f32), (8 bytes).
    Removing supportfunctions.o(.text.arm_merge_sort_core_f32), (158 bytes).
    Removing supportfunctions.o(.ARM.exidx.text.arm_merge_sort_core_f32), (8 bytes).
    Removing supportfunctions.o(.text.arm_merge_sort_init_f32), (6 bytes).
    Removing supportfunctions.o(.ARM.exidx.text.arm_merge_sort_init_f32), (8 bytes).
    Removing supportfunctions.o(.text.arm_quick_sort_f32), (38 bytes).
    Removing supportfunctions.o(.ARM.exidx.text.arm_quick_sort_f32), (8 bytes).
    Removing supportfunctions.o(.text.arm_quick_sort_core_f32), (208 bytes).
    Removing supportfunctions.o(.ARM.exidx.text.arm_quick_sort_core_f32), (8 bytes).
    Removing supportfunctions.o(.text.arm_selection_sort_f32), (120 bytes).
    Removing supportfunctions.o(.ARM.exidx.text.arm_selection_sort_f32), (8 bytes).
    Removing supportfunctions.o(.text.arm_sort_f32), (58 bytes).
    Removing supportfunctions.o(.ARM.exidx.text.arm_sort_f32), (8 bytes).
    Removing supportfunctions.o(.text.arm_sort_init_f32), (6 bytes).
    Removing supportfunctions.o(.ARM.exidx.text.arm_sort_init_f32), (8 bytes).
    Removing supportfunctions.o(.text.arm_spline_f32), (370 bytes).
    Removing supportfunctions.o(.ARM.exidx.text.arm_spline_f32), (8 bytes).
    Removing supportfunctions.o(.text.arm_spline_init_f32), (552 bytes).
    Removing supportfunctions.o(.ARM.exidx.text.arm_spline_init_f32), (8 bytes).
    Removing supportfunctions.o(.text.arm_weighted_sum_f32), (68 bytes).
    Removing supportfunctions.o(.ARM.exidx.text.arm_weighted_sum_f32), (8 bytes).
    Removing supportfunctions.o(.text.arm_float_to_q15), (60 bytes).
    Removing supportfunctions.o(.ARM.exidx.text.arm_float_to_q15), (8 bytes).
    Removing supportfunctions.o(.text.arm_float_to_q31), (52 bytes).
    Removing supportfunctions.o(.ARM.exidx.text.arm_float_to_q31), (8 bytes).
    Removing supportfunctions.o(.text.arm_float_to_q7), (52 bytes).
    Removing supportfunctions.o(.ARM.exidx.text.arm_float_to_q7), (8 bytes).
    Removing supportfunctions.o(.text.arm_q15_to_float), (38 bytes).
    Removing supportfunctions.o(.ARM.exidx.text.arm_q15_to_float), (8 bytes).
    Removing supportfunctions.o(.text.arm_q15_to_q31), (18 bytes).
    Removing supportfunctions.o(.ARM.exidx.text.arm_q15_to_q31), (8 bytes).
    Removing supportfunctions.o(.text.arm_q15_to_q7), (18 bytes).
    Removing supportfunctions.o(.ARM.exidx.text.arm_q15_to_q7), (8 bytes).
    Removing supportfunctions.o(.text.arm_q31_to_float), (34 bytes).
    Removing supportfunctions.o(.ARM.exidx.text.arm_q31_to_float), (8 bytes).
    Removing supportfunctions.o(.text.arm_q31_to_q15), (18 bytes).
    Removing supportfunctions.o(.ARM.exidx.text.arm_q31_to_q15), (8 bytes).
    Removing supportfunctions.o(.text.arm_q31_to_q7), (18 bytes).
    Removing supportfunctions.o(.ARM.exidx.text.arm_q31_to_q7), (8 bytes).
    Removing supportfunctions.o(.text.arm_q7_to_float), (38 bytes).
    Removing supportfunctions.o(.ARM.exidx.text.arm_q7_to_float), (8 bytes).
    Removing supportfunctions.o(.text.arm_q7_to_q15), (20 bytes).
    Removing supportfunctions.o(.ARM.exidx.text.arm_q7_to_q15), (8 bytes).
    Removing supportfunctions.o(.text.arm_q7_to_q31), (18 bytes).
    Removing supportfunctions.o(.ARM.exidx.text.arm_q7_to_q31), (8 bytes).
    Removing transformfunctions.o(.text), (0 bytes).
    Removing transformfunctions.o(.text.arm_bitreversal_f32), (160 bytes).
    Removing transformfunctions.o(.ARM.exidx.text.arm_bitreversal_f32), (8 bytes).
    Removing transformfunctions.o(.text.arm_bitreversal_q31), (140 bytes).
    Removing transformfunctions.o(.ARM.exidx.text.arm_bitreversal_q31), (8 bytes).
    Removing transformfunctions.o(.text.arm_bitreversal_q15), (112 bytes).
    Removing transformfunctions.o(.ARM.exidx.text.arm_bitreversal_q15), (8 bytes).
    Removing transformfunctions.o(.text.arm_bitreversal_64), (120 bytes).
    Removing transformfunctions.o(.ARM.exidx.text.arm_bitreversal_64), (8 bytes).
    Removing transformfunctions.o(.text.arm_bitreversal_32), (48 bytes).
    Removing transformfunctions.o(.ARM.exidx.text.arm_bitreversal_32), (8 bytes).
    Removing transformfunctions.o(.text.arm_bitreversal_16), (52 bytes).
    Removing transformfunctions.o(.ARM.exidx.text.arm_bitreversal_16), (8 bytes).
    Removing transformfunctions.o(.text.arm_cfft_radix8by2_f32), (610 bytes).
    Removing transformfunctions.o(.ARM.exidx.text.arm_cfft_radix8by2_f32), (8 bytes).
    Removing transformfunctions.o(.text.arm_radix8_butterfly_f32), (2068 bytes).
    Removing transformfunctions.o(.ARM.exidx.text.arm_radix8_butterfly_f32), (8 bytes).
    Removing transformfunctions.o(.text.arm_cfft_radix8by4_f32), (1488 bytes).
    Removing transformfunctions.o(.ARM.exidx.text.arm_cfft_radix8by4_f32), (8 bytes).
    Removing transformfunctions.o(.text.arm_cfft_f32), (196 bytes).
    Removing transformfunctions.o(.ARM.exidx.text.arm_cfft_f32), (8 bytes).
    Removing transformfunctions.o(.text.arm_radix4_butterfly_f64), (874 bytes).
    Removing transformfunctions.o(.ARM.exidx.text.arm_radix4_butterfly_f64), (8 bytes).
    Removing transformfunctions.o(.text.arm_cfft_radix4by2_f64), (312 bytes).
    Removing transformfunctions.o(.ARM.exidx.text.arm_cfft_radix4by2_f64), (8 bytes).
    Removing transformfunctions.o(.text.arm_cfft_f64), (212 bytes).
    Removing transformfunctions.o(.ARM.exidx.text.arm_cfft_f64), (8 bytes).
    Removing transformfunctions.o(.text.arm_cfft_q15), (168 bytes).
    Removing transformfunctions.o(.ARM.exidx.text.arm_cfft_q15), (8 bytes).
    Removing transformfunctions.o(.text.arm_radix4_butterfly_inverse_q15), (1424 bytes).
    Removing transformfunctions.o(.ARM.exidx.text.arm_radix4_butterfly_inverse_q15), (8 bytes).
    Removing transformfunctions.o(.text.arm_cfft_radix4by2_inverse_q15), (208 bytes).
    Removing transformfunctions.o(.ARM.exidx.text.arm_cfft_radix4by2_inverse_q15), (8 bytes).
    Removing transformfunctions.o(.text.arm_radix4_butterfly_q15), (1424 bytes).
    Removing transformfunctions.o(.ARM.exidx.text.arm_radix4_butterfly_q15), (8 bytes).
    Removing transformfunctions.o(.text.arm_cfft_radix4by2_q15), (208 bytes).
    Removing transformfunctions.o(.ARM.exidx.text.arm_cfft_radix4by2_q15), (8 bytes).
    Removing transformfunctions.o(.text.arm_cfft_q31), (168 bytes).
    Removing transformfunctions.o(.ARM.exidx.text.arm_cfft_q31), (8 bytes).
    Removing transformfunctions.o(.text.arm_radix4_butterfly_inverse_q31), (1158 bytes).
    Removing transformfunctions.o(.ARM.exidx.text.arm_radix4_butterfly_inverse_q31), (8 bytes).
    Removing transformfunctions.o(.text.arm_cfft_radix4by2_inverse_q31), (288 bytes).
    Removing transformfunctions.o(.ARM.exidx.text.arm_cfft_radix4by2_inverse_q31), (8 bytes).
    Removing transformfunctions.o(.text.arm_radix4_butterfly_q31), (1158 bytes).
    Removing transformfunctions.o(.ARM.exidx.text.arm_radix4_butterfly_q31), (8 bytes).
    Removing transformfunctions.o(.text.arm_cfft_radix4by2_q31), (288 bytes).
    Removing transformfunctions.o(.ARM.exidx.text.arm_cfft_radix4by2_q31), (8 bytes).
    Removing transformfunctions.o(.text.arm_cfft_init_f32), (156 bytes).
    Removing transformfunctions.o(.ARM.exidx.text.arm_cfft_init_f32), (8 bytes).
    Removing transformfunctions.o(.text.arm_cfft_init_f64), (156 bytes).
    Removing transformfunctions.o(.ARM.exidx.text.arm_cfft_init_f64), (8 bytes).
    Removing transformfunctions.o(.text.arm_cfft_init_q15), (156 bytes).
    Removing transformfunctions.o(.ARM.exidx.text.arm_cfft_init_q15), (8 bytes).
    Removing transformfunctions.o(.text.arm_cfft_init_q31), (156 bytes).
    Removing transformfunctions.o(.ARM.exidx.text.arm_cfft_init_q31), (8 bytes).
    Removing transformfunctions.o(.text.arm_cfft_radix2_f32), (56 bytes).
    Removing transformfunctions.o(.ARM.exidx.text.arm_cfft_radix2_f32), (8 bytes).
    Removing transformfunctions.o(.text.arm_radix2_butterfly_inverse_f32), (358 bytes).
    Removing transformfunctions.o(.ARM.exidx.text.arm_radix2_butterfly_inverse_f32), (8 bytes).
    Removing transformfunctions.o(.text.arm_radix2_butterfly_f32), (240 bytes).
    Removing transformfunctions.o(.ARM.exidx.text.arm_radix2_butterfly_f32), (8 bytes).
    Removing transformfunctions.o(.text.arm_cfft_radix2_init_f32), (196 bytes).
    Removing transformfunctions.o(.ARM.exidx.text.arm_cfft_radix2_init_f32), (8 bytes).
    Removing transformfunctions.o(.text.arm_cfft_radix2_init_q15), (160 bytes).
    Removing transformfunctions.o(.ARM.exidx.text.arm_cfft_radix2_init_q15), (8 bytes).
    Removing transformfunctions.o(.text.arm_cfft_radix2_init_q31), (160 bytes).
    Removing transformfunctions.o(.ARM.exidx.text.arm_cfft_radix2_init_q31), (8 bytes).
    Removing transformfunctions.o(.text.arm_cfft_radix2_q15), (46 bytes).
    Removing transformfunctions.o(.ARM.exidx.text.arm_cfft_radix2_q15), (8 bytes).
    Removing transformfunctions.o(.text.arm_radix2_butterfly_inverse_q15), (436 bytes).
    Removing transformfunctions.o(.ARM.exidx.text.arm_radix2_butterfly_inverse_q15), (8 bytes).
    Removing transformfunctions.o(.text.arm_radix2_butterfly_q15), (456 bytes).
    Removing transformfunctions.o(.ARM.exidx.text.arm_radix2_butterfly_q15), (8 bytes).
    Removing transformfunctions.o(.text.arm_cfft_radix2_q31), (46 bytes).
    Removing transformfunctions.o(.ARM.exidx.text.arm_cfft_radix2_q31), (8 bytes).
    Removing transformfunctions.o(.text.arm_radix2_butterfly_inverse_q31), (576 bytes).
    Removing transformfunctions.o(.ARM.exidx.text.arm_radix2_butterfly_inverse_q31), (8 bytes).
    Removing transformfunctions.o(.text.arm_radix2_butterfly_q31), (582 bytes).
    Removing transformfunctions.o(.ARM.exidx.text.arm_radix2_butterfly_q31), (8 bytes).
    Removing transformfunctions.o(.text.arm_cfft_radix4_f32), (56 bytes).
    Removing transformfunctions.o(.ARM.exidx.text.arm_cfft_radix4_f32), (8 bytes).
    Removing transformfunctions.o(.text.arm_radix4_butterfly_inverse_f32), (898 bytes).
    Removing transformfunctions.o(.ARM.exidx.text.arm_radix4_butterfly_inverse_f32), (8 bytes).
    Removing transformfunctions.o(.text.arm_radix4_butterfly_f32), (580 bytes).
    Removing transformfunctions.o(.ARM.exidx.text.arm_radix4_butterfly_f32), (8 bytes).
    Removing transformfunctions.o(.text.arm_cfft_radix4_init_f32), (128 bytes).
    Removing transformfunctions.o(.ARM.exidx.text.arm_cfft_radix4_init_f32), (8 bytes).
    Removing transformfunctions.o(.text.arm_cfft_radix4_init_q15), (108 bytes).
    Removing transformfunctions.o(.ARM.exidx.text.arm_cfft_radix4_init_q15), (8 bytes).
    Removing transformfunctions.o(.text.arm_cfft_radix4_init_q31), (108 bytes).
    Removing transformfunctions.o(.ARM.exidx.text.arm_cfft_radix4_init_q31), (8 bytes).
    Removing transformfunctions.o(.text.arm_cfft_radix4_q15), (52 bytes).
    Removing transformfunctions.o(.ARM.exidx.text.arm_cfft_radix4_q15), (8 bytes).
    Removing transformfunctions.o(.text.arm_cfft_radix4_q31), (52 bytes).
    Removing transformfunctions.o(.ARM.exidx.text.arm_cfft_radix4_q31), (8 bytes).
    Removing transformfunctions.o(.text.arm_dct4_f32), (162 bytes).
    Removing transformfunctions.o(.ARM.exidx.text.arm_dct4_f32), (8 bytes).
    Removing transformfunctions.o(.text.arm_rfft_f32), (120 bytes).
    Removing transformfunctions.o(.ARM.exidx.text.arm_rfft_f32), (8 bytes).
    Removing transformfunctions.o(.text.arm_dct4_init_f32), (128 bytes).
    Removing transformfunctions.o(.ARM.exidx.text.arm_dct4_init_f32), (8 bytes).
    Removing transformfunctions.o(.text.arm_rfft_init_f32), (100 bytes).
    Removing transformfunctions.o(.ARM.exidx.text.arm_rfft_init_f32), (8 bytes).
    Removing transformfunctions.o(.text.arm_dct4_init_q15), (124 bytes).
    Removing transformfunctions.o(.ARM.exidx.text.arm_dct4_init_q15), (8 bytes).
    Removing transformfunctions.o(.text.arm_rfft_init_q15), (180 bytes).
    Removing transformfunctions.o(.ARM.exidx.text.arm_rfft_init_q15), (8 bytes).
    Removing transformfunctions.o(.text.arm_dct4_init_q31), (124 bytes).
    Removing transformfunctions.o(.ARM.exidx.text.arm_dct4_init_q31), (8 bytes).
    Removing transformfunctions.o(.text.arm_rfft_init_q31), (180 bytes).
    Removing transformfunctions.o(.ARM.exidx.text.arm_rfft_init_q31), (8 bytes).
    Removing transformfunctions.o(.text.arm_dct4_q15), (172 bytes).
    Removing transformfunctions.o(.ARM.exidx.text.arm_dct4_q15), (8 bytes).
    Removing transformfunctions.o(.text.arm_rfft_q15), (98 bytes).
    Removing transformfunctions.o(.ARM.exidx.text.arm_rfft_q15), (8 bytes).
    Removing transformfunctions.o(.text.arm_dct4_q31), (170 bytes).
    Removing transformfunctions.o(.ARM.exidx.text.arm_dct4_q31), (8 bytes).
    Removing transformfunctions.o(.text.arm_rfft_q31), (98 bytes).
    Removing transformfunctions.o(.ARM.exidx.text.arm_rfft_q31), (8 bytes).
    Removing transformfunctions.o(.text.arm_split_rifft_f32), (230 bytes).
    Removing transformfunctions.o(.ARM.exidx.text.arm_split_rifft_f32), (8 bytes).
    Removing transformfunctions.o(.text.arm_split_rfft_f32), (314 bytes).
    Removing transformfunctions.o(.ARM.exidx.text.arm_split_rfft_f32), (8 bytes).
    Removing transformfunctions.o(.text.stage_rfft_f32), (278 bytes).
    Removing transformfunctions.o(.ARM.exidx.text.stage_rfft_f32), (8 bytes).
    Removing transformfunctions.o(.text.merge_rfft_f32), (274 bytes).
    Removing transformfunctions.o(.ARM.exidx.text.merge_rfft_f32), (8 bytes).
    Removing transformfunctions.o(.text.arm_rfft_fast_f32), (62 bytes).
    Removing transformfunctions.o(.ARM.exidx.text.arm_rfft_fast_f32), (8 bytes).
    Removing transformfunctions.o(.text.stage_rfft_f64), (380 bytes).
    Removing transformfunctions.o(.ARM.exidx.text.stage_rfft_f64), (8 bytes).
    Removing transformfunctions.o(.text.merge_rfft_f64), (368 bytes).
    Removing transformfunctions.o(.ARM.exidx.text.merge_rfft_f64), (8 bytes).
    Removing transformfunctions.o(.text.arm_rfft_fast_f64), (68 bytes).
    Removing transformfunctions.o(.ARM.exidx.text.arm_rfft_fast_f64), (8 bytes).
    Removing transformfunctions.o(.text.arm_rfft_fast_init_f32), (120 bytes).
    Removing transformfunctions.o(.ARM.exidx.text.arm_rfft_fast_init_f32), (8 bytes).
    Removing transformfunctions.o(.text.arm_rfft_4096_fast_init_f32), (44 bytes).
    Removing transformfunctions.o(.ARM.exidx.text.arm_rfft_4096_fast_init_f32), (8 bytes).
    Removing transformfunctions.o(.text.arm_rfft_2048_fast_init_f32), (44 bytes).
    Removing transformfunctions.o(.ARM.exidx.text.arm_rfft_2048_fast_init_f32), (8 bytes).
    Removing transformfunctions.o(.text.arm_rfft_1024_fast_init_f32), (44 bytes).
    Removing transformfunctions.o(.ARM.exidx.text.arm_rfft_1024_fast_init_f32), (8 bytes).
    Removing transformfunctions.o(.text.arm_rfft_512_fast_init_f32), (44 bytes).
    Removing transformfunctions.o(.ARM.exidx.text.arm_rfft_512_fast_init_f32), (8 bytes).
    Removing transformfunctions.o(.text.arm_rfft_256_fast_init_f32), (44 bytes).
    Removing transformfunctions.o(.ARM.exidx.text.arm_rfft_256_fast_init_f32), (8 bytes).
    Removing transformfunctions.o(.text.arm_rfft_128_fast_init_f32), (40 bytes).
    Removing transformfunctions.o(.ARM.exidx.text.arm_rfft_128_fast_init_f32), (8 bytes).
    Removing transformfunctions.o(.text.arm_rfft_64_fast_init_f32), (40 bytes).
    Removing transformfunctions.o(.ARM.exidx.text.arm_rfft_64_fast_init_f32), (8 bytes).
    Removing transformfunctions.o(.text.arm_rfft_32_fast_init_f32), (40 bytes).
    Removing transformfunctions.o(.ARM.exidx.text.arm_rfft_32_fast_init_f32), (8 bytes).
    Removing transformfunctions.o(.text.arm_rfft_fast_init_f64), (120 bytes).
    Removing transformfunctions.o(.ARM.exidx.text.arm_rfft_fast_init_f64), (8 bytes).
    Removing transformfunctions.o(.text.arm_rfft_4096_fast_init_f64), (56 bytes).
    Removing transformfunctions.o(.ARM.exidx.text.arm_rfft_4096_fast_init_f64), (8 bytes).
    Removing transformfunctions.o(.text.arm_rfft_2048_fast_init_f64), (56 bytes).
    Removing transformfunctions.o(.ARM.exidx.text.arm_rfft_2048_fast_init_f64), (8 bytes).
    Removing transformfunctions.o(.text.arm_rfft_1024_fast_init_f64), (56 bytes).
    Removing transformfunctions.o(.ARM.exidx.text.arm_rfft_1024_fast_init_f64), (8 bytes).
    Removing transformfunctions.o(.text.arm_rfft_512_fast_init_f64), (52 bytes).
    Removing transformfunctions.o(.ARM.exidx.text.arm_rfft_512_fast_init_f64), (8 bytes).
    Removing transformfunctions.o(.text.arm_rfft_256_fast_init_f64), (52 bytes).
    Removing transformfunctions.o(.ARM.exidx.text.arm_rfft_256_fast_init_f64), (8 bytes).
    Removing transformfunctions.o(.text.arm_rfft_128_fast_init_f64), (52 bytes).
    Removing transformfunctions.o(.ARM.exidx.text.arm_rfft_128_fast_init_f64), (8 bytes).
    Removing transformfunctions.o(.text.arm_rfft_64_fast_init_f64), (52 bytes).
    Removing transformfunctions.o(.ARM.exidx.text.arm_rfft_64_fast_init_f64), (8 bytes).
    Removing transformfunctions.o(.text.arm_rfft_32_fast_init_f64), (52 bytes).
    Removing transformfunctions.o(.ARM.exidx.text.arm_rfft_32_fast_init_f64), (8 bytes).
    Removing transformfunctions.o(.text.arm_split_rifft_q15), (172 bytes).
    Removing transformfunctions.o(.ARM.exidx.text.arm_split_rifft_q15), (8 bytes).
    Removing transformfunctions.o(.text.arm_split_rfft_q15), (248 bytes).
    Removing transformfunctions.o(.ARM.exidx.text.arm_split_rfft_q15), (8 bytes).
    Removing transformfunctions.o(.text.arm_split_rifft_q31), (320 bytes).
    Removing transformfunctions.o(.ARM.exidx.text.arm_split_rifft_q31), (8 bytes).
    Removing transformfunctions.o(.text.arm_split_rfft_q31), (416 bytes).
    Removing transformfunctions.o(.ARM.exidx.text.arm_split_rfft_q31), (8 bytes).
    Removing system_stm32f0xx.o(.text), (0 bytes).
    Removing system_stm32f0xx.o(.ARM.exidx.text.SystemInit), (8 bytes).
    Removing system_stm32f0xx.o(.text.SystemCoreClockUpdate), (92 bytes).
    Removing system_stm32f0xx.o(.ARM.exidx.text.SystemCoreClockUpdate), (8 bytes).
    Removing system_stm32f0xx.o(.data.SystemCoreClock), (4 bytes).
    Removing system_stm32f0xx.o(.rodata.AHBPrescTable), (16 bytes).
    Removing system_stm32f0xx.o(.rodata.APBPrescTable), (8 bytes).

1004 unused section(s) (total 992886 bytes) removed from the image.

==============================================================================

Image Symbol Table

    Local Symbols

    Symbol Name                              Value     Ov Type        Size  Object(Section)

    ../clib/angel/boardlib.s                 0x00000000   Number         0  boardinit1.o ABSOLUTE
    ../clib/angel/boardlib.s                 0x00000000   Number         0  boardinit2.o ABSOLUTE
    ../clib/angel/boardlib.s                 0x00000000   Number         0  boardinit3.o ABSOLUTE
    ../clib/angel/boardlib.s                 0x00000000   Number         0  boardshut.o ABSOLUTE
    ../clib/angel/handlers.s                 0x00000000   Number         0  __scatter_zi.o ABSOLUTE
    ../clib/angel/kernel.s                   0x00000000   Number         0  __rtentry.o ABSOLUTE
    ../clib/angel/kernel.s                   0x00000000   Number         0  __rtentry2.o ABSOLUTE
    ../clib/angel/kernel.s                   0x00000000   Number         0  __rtentry4.o ABSOLUTE
    ../clib/angel/kernel.s                   0x00000000   Number         0  rtexit.o ABSOLUTE
    ../clib/angel/kernel.s                   0x00000000   Number         0  rtexit2.o ABSOLUTE
    ../clib/angel/rt.s                       0x00000000   Number         0  aeabi_idiv0.o ABSOLUTE
    ../clib/angel/rt.s                       0x00000000   Number         0  aeabi_idiv0_sigfpe.o ABSOLUTE
    ../clib/angel/rt.s                       0x00000000   Number         0  aeabi_ldiv0.o ABSOLUTE
    ../clib/angel/rt.s                       0x00000000   Number         0  aeabi_ldiv0_sigfpe.o ABSOLUTE
    ../clib/angel/rt.s                       0x00000000   Number         0  rt_div0.o ABSOLUTE
    ../clib/angel/rt.s                       0x00000000   Number         0  rt_errno_addr.o ABSOLUTE
    ../clib/angel/rt.s                       0x00000000   Number         0  rt_errno_addr_intlibspace.o ABSOLUTE
    ../clib/angel/rt.s                       0x00000000   Number         0  rt_raise.o ABSOLUTE
    ../clib/angel/scatterp.s                 0x00000000   Number         0  __scatter.o ABSOLUTE
    ../clib/angel/startup.s                  0x00000000   Number         0  __main.o ABSOLUTE
    ../clib/angel/sys.s                      0x00000000   Number         0  libspace.o ABSOLUTE
    ../clib/angel/sys.s                      0x00000000   Number         0  sys_stackheap_outer.o ABSOLUTE
    ../clib/angel/sys.s                      0x00000000   Number         0  tempstk.o ABSOLUTE
    ../clib/angel/sys.s                      0x00000000   Number         0  use_no_semi.o ABSOLUTE
    ../clib/angel/sys.s                      0x00000000   Number         0  indicate_semi.o ABSOLUTE
    ../clib/angel/sysapp.c                   0x00000000   Number         0  sys_exit.o ABSOLUTE
    ../clib/angel/sysapp.c                   0x00000000   Number         0  sys_exit_hlt.o ABSOLUTE
    ../clib/angel/sysapp.c                   0x00000000   Number         0  sys_wrch.o ABSOLUTE
    ../clib/angel/sysapp.c                   0x00000000   Number         0  sys_wrch_hlt.o ABSOLUTE
    ../clib/angel/sysapp.c                   0x00000000   Number         0  sys_command.o ABSOLUTE
    ../clib/angel/sysapp.c                   0x00000000   Number         0  sys_command_hlt.o ABSOLUTE
    ../clib/armsys.c                         0x00000000   Number         0  argv_veneer.o ABSOLUTE
    ../clib/armsys.c                         0x00000000   Number         0  _get_argv_nomalloc.o ABSOLUTE
    ../clib/armsys.c                         0x00000000   Number         0  no_argv.o ABSOLUTE
    ../clib/division.c                       0x00000000   Number         0  llsdiv.o ABSOLUTE
    ../clib/division.c                       0x00000000   Number         0  lludiv.o ABSOLUTE
    ../clib/division.s                       0x00000000   Number         0  aeabi_sdiv.o ABSOLUTE
    ../clib/division.s                       0x00000000   Number         0  aeabi_sdiv_div0.o ABSOLUTE
    ../clib/fenv.c                           0x00000000   Number         0  _rserrno.o ABSOLUTE
    ../clib/heapalloc.c                      0x00000000   Number         0  hrguard.o ABSOLUTE
    ../clib/heapaux.c                        0x00000000   Number         0  heapauxi.o ABSOLUTE
    ../clib/libinit.s                        0x00000000   Number         0  libinit.o ABSOLUTE
    ../clib/libinit.s                        0x00000000   Number         0  libinit2.o ABSOLUTE
    ../clib/libinit.s                        0x00000000   Number         0  libshutdown.o ABSOLUTE
    ../clib/libinit.s                        0x00000000   Number         0  libshutdown2.o ABSOLUTE
    ../clib/longlong.c                       0x00000000   Number         0  llshl.o ABSOLUTE
    ../clib/longlong.c                       0x00000000   Number         0  llsshr.o ABSOLUTE
    ../clib/longlong.c                       0x00000000   Number         0  llmul.o ABSOLUTE
    ../clib/memcpset.c                       0x00000000   Number         0  rt_memcpy.o ABSOLUTE
    ../clib/memcpset.c                       0x00000000   Number         0  rt_memcpy.o ABSOLUTE
    ../clib/memcpset.c                       0x00000000   Number         0  rt_memclr.o ABSOLUTE
    ../clib/signal.c                         0x00000000   Number         0  defsig_fpe_outer.o ABSOLUTE
    ../clib/signal.c                         0x00000000   Number         0  defsig_fpe_formal.o ABSOLUTE
    ../clib/signal.c                         0x00000000   Number         0  defsig_exit.o ABSOLUTE
    ../clib/signal.c                         0x00000000   Number         0  defsig_fpe_inner.o ABSOLUTE
    ../clib/signal.c                         0x00000000   Number         0  __raise.o ABSOLUTE
    ../clib/signal.c                         0x00000000   Number         0  defsig_general.o ABSOLUTE
    ../clib/signal.c                         0x00000000   Number         0  defsig_abrt_inner.o ABSOLUTE
    ../clib/signal.c                         0x00000000   Number         0  defsig_rtred_inner.o ABSOLUTE
    ../clib/signal.c                         0x00000000   Number         0  defsig_rtmem_inner.o ABSOLUTE
    ../clib/signal.c                         0x00000000   Number         0  defsig_rtmem_outer.o ABSOLUTE
    ../clib/signal.c                         0x00000000   Number         0  defsig_rtmem_formal.o ABSOLUTE
    ../clib/signal.c                         0x00000000   Number         0  defsig_stak_inner.o ABSOLUTE
    ../clib/signal.c                         0x00000000   Number         0  defsig_pvfn_inner.o ABSOLUTE
    ../clib/signal.c                         0x00000000   Number         0  defsig_cppl_inner.o ABSOLUTE
    ../clib/signal.c                         0x00000000   Number         0  defsig_segv_inner.o ABSOLUTE
    ../clib/signal.c                         0x00000000   Number         0  defsig_other.o ABSOLUTE
    ../clib/signal.s                         0x00000000   Number         0  defsig.o ABSOLUTE
    ../clib/stdlib.c                         0x00000000   Number         0  exit.o ABSOLUTE
    ../fplib/cfplib/cmp.c                    0x00000000   Number         0  dcmp.o ABSOLUTE
    ../fplib/cfplib/cmp.c                    0x00000000   Number         0  fcmp.o ABSOLUTE
    ../fplib/cfplib/cmpret.c                 0x00000000   Number         0  cmpret.o ABSOLUTE
    ../fplib/cfplib/d2f.c                    0x00000000   Number         0  d2f.o ABSOLUTE
    ../fplib/cfplib/daddsub.c                0x00000000   Number         0  daddsub.o ABSOLUTE
    ../fplib/cfplib/dcmpin.c                 0x00000000   Number         0  dcmpin.o ABSOLUTE
    ../fplib/cfplib/ddiv.c                   0x00000000   Number         0  ddiv.o ABSOLUTE
    ../fplib/cfplib/dmul.c                   0x00000000   Number         0  dmul.o ABSOLUTE
    ../fplib/cfplib/f2d.c                    0x00000000   Number         0  f2d.o ABSOLUTE
    ../fplib/cfplib/fcmpin.c                 0x00000000   Number         0  fcmpin.o ABSOLUTE
    ../fplib/cfplib/fdiv.c                   0x00000000   Number         0  fdiv.o ABSOLUTE
    ../fplib/cfplib/ffix.c                   0x00000000   Number         0  ffixi.o ABSOLUTE
    ../fplib/cfplib/ffix.c                   0x00000000   Number         0  ffixl.o ABSOLUTE
    ../fplib/cfplib/ffix.c                   0x00000000   Number         0  ffixir.o ABSOLUTE
    ../fplib/cfplib/fflt.c                   0x00000000   Number         0  dflti.o ABSOLUTE
    ../fplib/cfplib/fflt.c                   0x00000000   Number         0  fflti.o ABSOLUTE
    ../fplib/cfplib/fpinit.c                 0x00000000   Number         0  fpinit.o ABSOLUTE
    ../fplib/cfplib/frnd.c                   0x00000000   Number         0  frnd.o ABSOLUTE
    ../fplib/cfplib/fsqrt.c                  0x00000000   Number         0  fsqrt.o ABSOLUTE
    ../fplib/cfplib/ieee_status.c            0x00000000   Number         0  ieee_status.o ABSOLUTE
    ../fplib/cfplib/nan2.c                   0x00000000   Number         0  dnan2.o ABSOLUTE
    ../fplib/cfplib/nan2.c                   0x00000000   Number         0  fnan2.o ABSOLUTE
    ../fplib/cfplib/retnan.c                 0x00000000   Number         0  retnan.o ABSOLUTE
    ../fplib/cfplib/scalbn.c                 0x00000000   Number         0  dscalbn.o ABSOLUTE
    ../fplib/cfplib/scalbn.c                 0x00000000   Number         0  fscalbn.o ABSOLUTE
    ../fplib/deqf6m.s                        0x00000000   Number         0  deqf.o ABSOLUTE
    ../fplib/dgeqf6m.s                       0x00000000   Number         0  dgef.o ABSOLUTE
    ../fplib/dleqf6m.s                       0x00000000   Number         0  dlef.o ABSOLUTE
    ../fplib/faddsub6m.s                     0x00000000   Number         0  faddsub.o ABSOLUTE
    ../fplib/feqf6m.s                        0x00000000   Number         0  feqf.o ABSOLUTE
    ../fplib/fgeqf6m.s                       0x00000000   Number         0  fgef.o ABSOLUTE
    ../fplib/fleqf6m.s                       0x00000000   Number         0  flef.o ABSOLUTE
    ../fplib/fmul6m.s                        0x00000000   Number         0  fmul.o ABSOLUTE
    ../fplib/usenofp.s                       0x00000000   Number         0  usenofp.o ABSOLUTE
    ../mathlib/dunder.c                      0x00000000   Number         0  dunder.o ABSOLUTE
    ../mathlib/expf.c                        0x00000000   Number         0  expf.o ABSOLUTE
    ../mathlib/expf.c                        0x00000000   Number         0  expf_x.o ABSOLUTE
    ../mathlib/fpclassifyf.c                 0x00000000   Number         0  fpclassifyf.o ABSOLUTE
    ../mathlib/funder.c                      0x00000000   Number         0  funder.o ABSOLUTE
    ../mathlib/log.c                         0x00000000   Number         0  log.o ABSOLUTE
    ../mathlib/log.c                         0x00000000   Number         0  log_x.o ABSOLUTE
    ../mathlib/logf.c                        0x00000000   Number         0  logf.o ABSOLUTE
    ../mathlib/logf.c                        0x00000000   Number         0  logf_x.o ABSOLUTE
    ../mathlib/poly.c                        0x00000000   Number         0  poly.o ABSOLUTE
    ../mathlib/powf.c                        0x00000000   Number         0  powf.o ABSOLUTE
    ../mathlib/powf.c                        0x00000000   Number         0  powf_x.o ABSOLUTE
    ../mathlib/qnan.c                        0x00000000   Number         0  qnan.o ABSOLUTE
    ../mathlib/sqrtf.c                       0x00000000   Number         0  sqrtf.o ABSOLUTE
    ../mathlib/sqrtf.c                       0x00000000   Number         0  sqrtf_x.o ABSOLUTE
    ../mathlib/tanhf.c                       0x00000000   Number         0  tanhf.o ABSOLUTE
    ../mathlib/tanhf.c                       0x00000000   Number         0  tanhf_x.o ABSOLUTE
    BasicMathFunctions.c                     0x00000000   Number         0  basicmathfunctions.o ABSOLUTE
    BayesFunctions.c                         0x00000000   Number         0  bayesfunctions.o ABSOLUTE
    CommonTables.c                           0x00000000   Number         0  commontables.o ABSOLUTE
    ComplexMathFunctions.c                   0x00000000   Number         0  complexmathfunctions.o ABSOLUTE
    ControllerFunctions.c                    0x00000000   Number         0  controllerfunctions.o ABSOLUTE
    DistanceFunctions.c                      0x00000000   Number         0  distancefunctions.o ABSOLUTE
    FastMathFunctions.c                      0x00000000   Number         0  fastmathfunctions.o ABSOLUTE
    FilteringFunctions.c                     0x00000000   Number         0  filteringfunctions.o ABSOLUTE
    MatrixFunctions.c                        0x00000000   Number         0  matrixfunctions.o ABSOLUTE
    RTE/Device/STM32F051R8Tx/startup_stm32f051x8.s 0x00000000   Number         0  startup_stm32f051x8.o ABSOLUTE
    SVMFunctions.c                           0x00000000   Number         0  svmfunctions.o ABSOLUTE
    StatisticsFunctions.c                    0x00000000   Number         0  statisticsfunctions.o ABSOLUTE
    SupportFunctions.c                       0x00000000   Number         0  supportfunctions.o ABSOLUTE
    TransformFunctions.c                     0x00000000   Number         0  transformfunctions.o ABSOLUTE
    dc.s                                     0x00000000   Number         0  dc.o ABSOLUTE
    main.c                                   0x00000000   Number         0  main.o ABSOLUTE
    system_stm32f0xx.c                       0x00000000   Number         0  system_stm32f0xx.o ABSOLUTE
    RESET                                    0x08000000   Section      188  startup_stm32f051x8.o(RESET)
    !!!main                                  0x080000bc   Section        8  __main.o(!!!main)
    !!!scatter                               0x080000c4   Section       60  __scatter.o(!!!scatter)
    !!handler_zi                             0x08000100   Section       28  __scatter_zi.o(!!handler_zi)
    .ARM.Collect$$libinit$$00000000          0x0800011c   Section        2  libinit.o(.ARM.Collect$$libinit$$00000000)
    .ARM.Collect$$libinit$$00000002          0x0800011e   Section        0  libinit2.o(.ARM.Collect$$libinit$$00000002)
    .ARM.Collect$$libinit$$00000004          0x0800011e   Section        0  libinit2.o(.ARM.Collect$$libinit$$00000004)
    .ARM.Collect$$libinit$$0000000A          0x0800011e   Section        0  libinit2.o(.ARM.Collect$$libinit$$0000000A)
    .ARM.Collect$$libinit$$0000000C          0x0800011e   Section        0  libinit2.o(.ARM.Collect$$libinit$$0000000C)
    .ARM.Collect$$libinit$$0000000E          0x0800011e   Section        0  libinit2.o(.ARM.Collect$$libinit$$0000000E)
    .ARM.Collect$$libinit$$00000011          0x0800011e   Section        0  libinit2.o(.ARM.Collect$$libinit$$00000011)
    .ARM.Collect$$libinit$$00000013          0x0800011e   Section        0  libinit2.o(.ARM.Collect$$libinit$$00000013)
    .ARM.Collect$$libinit$$00000015          0x0800011e   Section        0  libinit2.o(.ARM.Collect$$libinit$$00000015)
    .ARM.Collect$$libinit$$00000017          0x0800011e   Section        0  libinit2.o(.ARM.Collect$$libinit$$00000017)
    .ARM.Collect$$libinit$$00000019          0x0800011e   Section        0  libinit2.o(.ARM.Collect$$libinit$$00000019)
    .ARM.Collect$$libinit$$0000001B          0x0800011e   Section        0  libinit2.o(.ARM.Collect$$libinit$$0000001B)
    .ARM.Collect$$libinit$$0000001D          0x0800011e   Section        0  libinit2.o(.ARM.Collect$$libinit$$0000001D)
    .ARM.Collect$$libinit$$0000001F          0x0800011e   Section        0  libinit2.o(.ARM.Collect$$libinit$$0000001F)
    .ARM.Collect$$libinit$$00000021          0x0800011e   Section        0  libinit2.o(.ARM.Collect$$libinit$$00000021)
    .ARM.Collect$$libinit$$00000023          0x0800011e   Section        0  libinit2.o(.ARM.Collect$$libinit$$00000023)
    .ARM.Collect$$libinit$$00000025          0x0800011e   Section        0  libinit2.o(.ARM.Collect$$libinit$$00000025)
    .ARM.Collect$$libinit$$0000002C          0x0800011e   Section        0  libinit2.o(.ARM.Collect$$libinit$$0000002C)
    .ARM.Collect$$libinit$$0000002E          0x0800011e   Section        0  libinit2.o(.ARM.Collect$$libinit$$0000002E)
    .ARM.Collect$$libinit$$00000030          0x0800011e   Section        0  libinit2.o(.ARM.Collect$$libinit$$00000030)
    .ARM.Collect$$libinit$$00000032          0x0800011e   Section        0  libinit2.o(.ARM.Collect$$libinit$$00000032)
    .ARM.Collect$$libinit$$00000033          0x0800011e   Section        2  libinit2.o(.ARM.Collect$$libinit$$00000033)
    .ARM.Collect$$libshutdown$$00000000      0x08000120   Section        2  libshutdown.o(.ARM.Collect$$libshutdown$$00000000)
    .ARM.Collect$$libshutdown$$00000002      0x08000122   Section        0  libshutdown2.o(.ARM.Collect$$libshutdown$$00000002)
    .ARM.Collect$$libshutdown$$00000004      0x08000122   Section        0  libshutdown2.o(.ARM.Collect$$libshutdown$$00000004)
    .ARM.Collect$$libshutdown$$00000007      0x08000122   Section        0  libshutdown2.o(.ARM.Collect$$libshutdown$$00000007)
    .ARM.Collect$$libshutdown$$0000000A      0x08000122   Section        0  libshutdown2.o(.ARM.Collect$$libshutdown$$0000000A)
    .ARM.Collect$$libshutdown$$0000000C      0x08000122   Section        0  libshutdown2.o(.ARM.Collect$$libshutdown$$0000000C)
    .ARM.Collect$$libshutdown$$0000000F      0x08000122   Section        0  libshutdown2.o(.ARM.Collect$$libshutdown$$0000000F)
    .ARM.Collect$$libshutdown$$00000010      0x08000122   Section        2  libshutdown2.o(.ARM.Collect$$libshutdown$$00000010)
    .ARM.Collect$$rtentry$$00000000          0x08000124   Section        0  __rtentry.o(.ARM.Collect$$rtentry$$00000000)
    .ARM.Collect$$rtentry$$00000002          0x08000124   Section        0  __rtentry2.o(.ARM.Collect$$rtentry$$00000002)
    .ARM.Collect$$rtentry$$00000004          0x08000124   Section        6  __rtentry4.o(.ARM.Collect$$rtentry$$00000004)
    .ARM.Collect$$rtentry$$00000009          0x0800012a   Section        0  __rtentry2.o(.ARM.Collect$$rtentry$$00000009)
    .ARM.Collect$$rtentry$$0000000A          0x0800012a   Section        4  __rtentry2.o(.ARM.Collect$$rtentry$$0000000A)
    .ARM.Collect$$rtentry$$0000000C          0x0800012e   Section        0  __rtentry2.o(.ARM.Collect$$rtentry$$0000000C)
    .ARM.Collect$$rtentry$$0000000D          0x0800012e   Section        8  __rtentry2.o(.ARM.Collect$$rtentry$$0000000D)
    .ARM.Collect$$rtexit$$00000000           0x08000136   Section        2  rtexit.o(.ARM.Collect$$rtexit$$00000000)
    .ARM.Collect$$rtexit$$00000002           0x08000138   Section        0  rtexit2.o(.ARM.Collect$$rtexit$$00000002)
    .ARM.Collect$$rtexit$$00000003           0x08000138   Section        4  rtexit2.o(.ARM.Collect$$rtexit$$00000003)
    .ARM.Collect$$rtexit$$00000004           0x0800013c   Section        6  rtexit2.o(.ARM.Collect$$rtexit$$00000004)
    .text                                    0x08000144   Section       56  startup_stm32f051x8.o(.text)
    .text                                    0x0800017c   Section        0  heapauxi.o(.text)
    .text                                    0x08000184   Section        8  libspace.o(.text)
    .text                                    0x0800018c   Section       62  sys_stackheap_outer.o(.text)
    .text                                    0x080001ca   Section        0  exit.o(.text)
    .text                                    0x080001dc   Section        0  sys_exit.o(.text)
    .text                                    0x080001e8   Section        2  use_no_semi.o(.text)
    [Anonymous Symbol]                       0x080001ea   Section        0  system_stm32f0xx.o(.text.SystemInit)
    .text                                    0x080001ea   Section        0  indicate_semi.o(.text)
    [Anonymous Symbol]                       0x080001ec   Section        0  main.o(.text.main)
    __arm_cp.0_0                             0x08000214   Number         4  main.o(.text.main)
    __arm_cp.0_1                             0x08000218   Number         4  main.o(.text.main)
    .bss                                     0x20000000   Section       96  libspace.o(.bss)
    Heap_Mem                                 0x20000060   Data         512  startup_stm32f051x8.o(HEAP)
    HEAP                                     0x20000060   Section      512  startup_stm32f051x8.o(HEAP)
    Stack_Mem                                0x20000260   Data        1024  startup_stm32f051x8.o(STACK)
    STACK                                    0x20000260   Section     1024  startup_stm32f051x8.o(STACK)
    __initial_sp                             0x20000660   Data           0  startup_stm32f051x8.o(STACK)

    Global Symbols

    Symbol Name                              Value     Ov Type        Size  Object(Section)

    BuildAttributes$$THM_ISAv3M$S$PE$A:L22$X:L11$S22$IEEE1$IW$~IW$USESV6$~STKCKD$USESV7$~SHL$OTIME$ROPI$IEEEX$EBA8$UX$STANDARDLIB$REQ8$PRES8$EABIv2 0x00000000   Number         0  anon$$obj.o ABSOLUTE
    __ARM_exceptions_init                     - Undefined Weak Reference
    __alloca_initialize                       - Undefined Weak Reference
    __arm_preinit_                            - Undefined Weak Reference
    __cpp_initialize__aeabi_                  - Undefined Weak Reference
    __cxa_finalize                            - Undefined Weak Reference
    __rt_locale                               - Undefined Weak Reference
    __sigvec_lookup                           - Undefined Weak Reference
    _atexit_init                              - Undefined Weak Reference
    _call_atexit_fns                          - Undefined Weak Reference
    _clock_init                               - Undefined Weak Reference
    _fp_trap_init                             - Undefined Weak Reference
    _fp_trap_shutdown                         - Undefined Weak Reference
    _get_lc_collate                           - Undefined Weak Reference
    _get_lc_ctype                             - Undefined Weak Reference
    _get_lc_monetary                          - Undefined Weak Reference
    _get_lc_numeric                           - Undefined Weak Reference
    _get_lc_time                              - Undefined Weak Reference
    _getenv_init                              - Undefined Weak Reference
    _handle_redirection                       - Undefined Weak Reference
    _init_alloc                               - Undefined Weak Reference
    _init_user_alloc                          - Undefined Weak Reference
    _initio                                   - Undefined Weak Reference
    _rand_init                                - Undefined Weak Reference
    _signal_finish                            - Undefined Weak Reference
    _signal_init                              - Undefined Weak Reference
    _terminate_alloc                          - Undefined Weak Reference
    _terminate_user_alloc                     - Undefined Weak Reference
    _terminateio                              - Undefined Weak Reference
    __Vectors_Size                           0x000000bc   Number         0  startup_stm32f051x8.o ABSOLUTE
    __Vectors                                0x08000000   Data           4  startup_stm32f051x8.o(RESET)
    __Vectors_End                            0x080000bc   Data           0  startup_stm32f051x8.o(RESET)
    __main                                   0x080000bd   Thumb Code     8  __main.o(!!!main)
    __scatterload                            0x080000c5   Thumb Code     0  __scatter.o(!!!scatter)
    __scatterload_rt2                        0x080000c5   Thumb Code    52  __scatter.o(!!!scatter)
    __scatterload_rt2_thumb_only             0x080000c5   Thumb Code     0  __scatter.o(!!!scatter)
    __scatterload_null                       0x080000d5   Thumb Code     0  __scatter.o(!!!scatter)
    __scatterload_zeroinit                   0x08000101   Thumb Code    28  __scatter_zi.o(!!handler_zi)
    __rt_lib_init                            0x0800011d   Thumb Code     0  libinit.o(.ARM.Collect$$libinit$$00000000)
    __rt_lib_init_alloca_1                   0x0800011f   Thumb Code     0  libinit2.o(.ARM.Collect$$libinit$$0000002E)
    __rt_lib_init_argv_1                     0x0800011f   Thumb Code     0  libinit2.o(.ARM.Collect$$libinit$$0000002C)
    __rt_lib_init_atexit_1                   0x0800011f   Thumb Code     0  libinit2.o(.ARM.Collect$$libinit$$0000001B)
    __rt_lib_init_clock_1                    0x0800011f   Thumb Code     0  libinit2.o(.ARM.Collect$$libinit$$00000021)
    __rt_lib_init_cpp_1                      0x0800011f   Thumb Code     0  libinit2.o(.ARM.Collect$$libinit$$00000032)
    __rt_lib_init_exceptions_1               0x0800011f   Thumb Code     0  libinit2.o(.ARM.Collect$$libinit$$00000030)
    __rt_lib_init_fp_1                       0x0800011f   Thumb Code     0  libinit2.o(.ARM.Collect$$libinit$$00000002)
    __rt_lib_init_fp_trap_1                  0x0800011f   Thumb Code     0  libinit2.o(.ARM.Collect$$libinit$$0000001F)
    __rt_lib_init_getenv_1                   0x0800011f   Thumb Code     0  libinit2.o(.ARM.Collect$$libinit$$00000023)
    __rt_lib_init_heap_1                     0x0800011f   Thumb Code     0  libinit2.o(.ARM.Collect$$libinit$$0000000A)
    __rt_lib_init_lc_collate_1               0x0800011f   Thumb Code     0  libinit2.o(.ARM.Collect$$libinit$$00000011)
    __rt_lib_init_lc_ctype_1                 0x0800011f   Thumb Code     0  libinit2.o(.ARM.Collect$$libinit$$00000013)
    __rt_lib_init_lc_monetary_1              0x0800011f   Thumb Code     0  libinit2.o(.ARM.Collect$$libinit$$00000015)
    __rt_lib_init_lc_numeric_1               0x0800011f   Thumb Code     0  libinit2.o(.ARM.Collect$$libinit$$00000017)
    __rt_lib_init_lc_time_1                  0x0800011f   Thumb Code     0  libinit2.o(.ARM.Collect$$libinit$$00000019)
    __rt_lib_init_preinit_1                  0x0800011f   Thumb Code     0  libinit2.o(.ARM.Collect$$libinit$$00000004)
    __rt_lib_init_rand_1                     0x0800011f   Thumb Code     0  libinit2.o(.ARM.Collect$$libinit$$0000000E)
    __rt_lib_init_return                     0x0800011f   Thumb Code     0  libinit2.o(.ARM.Collect$$libinit$$00000033)
    __rt_lib_init_signal_1                   0x0800011f   Thumb Code     0  libinit2.o(.ARM.Collect$$libinit$$0000001D)
    __rt_lib_init_stdio_1                    0x0800011f   Thumb Code     0  libinit2.o(.ARM.Collect$$libinit$$00000025)
    __rt_lib_init_user_alloc_1               0x0800011f   Thumb Code     0  libinit2.o(.ARM.Collect$$libinit$$0000000C)
    __rt_lib_shutdown                        0x08000121   Thumb Code     0  libshutdown.o(.ARM.Collect$$libshutdown$$00000000)
    __rt_lib_shutdown_cpp_1                  0x08000123   Thumb Code     0  libshutdown2.o(.ARM.Collect$$libshutdown$$00000002)
    __rt_lib_shutdown_fp_trap_1              0x08000123   Thumb Code     0  libshutdown2.o(.ARM.Collect$$libshutdown$$00000007)
    __rt_lib_shutdown_heap_1                 0x08000123   Thumb Code     0  libshutdown2.o(.ARM.Collect$$libshutdown$$0000000F)
    __rt_lib_shutdown_return                 0x08000123   Thumb Code     0  libshutdown2.o(.ARM.Collect$$libshutdown$$00000010)
    __rt_lib_shutdown_signal_1               0x08000123   Thumb Code     0  libshutdown2.o(.ARM.Collect$$libshutdown$$0000000A)
    __rt_lib_shutdown_stdio_1                0x08000123   Thumb Code     0  libshutdown2.o(.ARM.Collect$$libshutdown$$00000004)
    __rt_lib_shutdown_user_alloc_1           0x08000123   Thumb Code     0  libshutdown2.o(.ARM.Collect$$libshutdown$$0000000C)
    __rt_entry                               0x08000125   Thumb Code     0  __rtentry.o(.ARM.Collect$$rtentry$$00000000)
    __rt_entry_presh_1                       0x08000125   Thumb Code     0  __rtentry2.o(.ARM.Collect$$rtentry$$00000002)
    __rt_entry_sh                            0x08000125   Thumb Code     0  __rtentry4.o(.ARM.Collect$$rtentry$$00000004)
    __rt_entry_li                            0x0800012b   Thumb Code     0  __rtentry2.o(.ARM.Collect$$rtentry$$0000000A)
    __rt_entry_postsh_1                      0x0800012b   Thumb Code     0  __rtentry2.o(.ARM.Collect$$rtentry$$00000009)
    __rt_entry_main                          0x0800012f   Thumb Code     0  __rtentry2.o(.ARM.Collect$$rtentry$$0000000D)
    __rt_entry_postli_1                      0x0800012f   Thumb Code     0  __rtentry2.o(.ARM.Collect$$rtentry$$0000000C)
    __rt_exit                                0x08000137   Thumb Code     0  rtexit.o(.ARM.Collect$$rtexit$$00000000)
    __rt_exit_ls                             0x08000139   Thumb Code     0  rtexit2.o(.ARM.Collect$$rtexit$$00000003)
    __rt_exit_prels_1                        0x08000139   Thumb Code     0  rtexit2.o(.ARM.Collect$$rtexit$$00000002)
    __rt_exit_exit                           0x0800013d   Thumb Code     0  rtexit2.o(.ARM.Collect$$rtexit$$00000004)
    Reset_Handler                            0x08000145   Thumb Code     8  startup_stm32f051x8.o(.text)
    NMI_Handler                              0x0800014d   Thumb Code     2  startup_stm32f051x8.o(.text)
    HardFault_Handler                        0x0800014f   Thumb Code     2  startup_stm32f051x8.o(.text)
    SVC_Handler                              0x08000151   Thumb Code     2  startup_stm32f051x8.o(.text)
    PendSV_Handler                           0x08000153   Thumb Code     2  startup_stm32f051x8.o(.text)
    SysTick_Handler                          0x08000155   Thumb Code     2  startup_stm32f051x8.o(.text)
    ADC1_COMP_IRQHandler                     0x08000157   Thumb Code     0  startup_stm32f051x8.o(.text)
    CEC_IRQHandler                           0x08000157   Thumb Code     0  startup_stm32f051x8.o(.text)
    DMA1_Channel1_IRQHandler                 0x08000157   Thumb Code     0  startup_stm32f051x8.o(.text)
    DMA1_Channel2_3_IRQHandler               0x08000157   Thumb Code     0  startup_stm32f051x8.o(.text)
    DMA1_Channel4_5_IRQHandler               0x08000157   Thumb Code     0  startup_stm32f051x8.o(.text)
    EXTI0_1_IRQHandler                       0x08000157   Thumb Code     0  startup_stm32f051x8.o(.text)
    EXTI2_3_IRQHandler                       0x08000157   Thumb Code     0  startup_stm32f051x8.o(.text)
    EXTI4_15_IRQHandler                      0x08000157   Thumb Code     0  startup_stm32f051x8.o(.text)
    FLASH_IRQHandler                         0x08000157   Thumb Code     0  startup_stm32f051x8.o(.text)
    I2C1_IRQHandler                          0x08000157   Thumb Code     0  startup_stm32f051x8.o(.text)
    I2C2_IRQHandler                          0x08000157   Thumb Code     0  startup_stm32f051x8.o(.text)
    PVD_IRQHandler                           0x08000157   Thumb Code     0  startup_stm32f051x8.o(.text)
    RCC_IRQHandler                           0x08000157   Thumb Code     0  startup_stm32f051x8.o(.text)
    RTC_IRQHandler                           0x08000157   Thumb Code     0  startup_stm32f051x8.o(.text)
    SPI1_IRQHandler                          0x08000157   Thumb Code     0  startup_stm32f051x8.o(.text)
    SPI2_IRQHandler                          0x08000157   Thumb Code     0  startup_stm32f051x8.o(.text)
    TIM14_IRQHandler                         0x08000157   Thumb Code     0  startup_stm32f051x8.o(.text)
    TIM15_IRQHandler                         0x08000157   Thumb Code     0  startup_stm32f051x8.o(.text)
    TIM16_IRQHandler                         0x08000157   Thumb Code     0  startup_stm32f051x8.o(.text)
    TIM17_IRQHandler                         0x08000157   Thumb Code     0  startup_stm32f051x8.o(.text)
    TIM1_BRK_UP_TRG_COM_IRQHandler           0x08000157   Thumb Code     0  startup_stm32f051x8.o(.text)
    TIM1_CC_IRQHandler                       0x08000157   Thumb Code     0  startup_stm32f051x8.o(.text)
    TIM2_IRQHandler                          0x08000157   Thumb Code     0  startup_stm32f051x8.o(.text)
    TIM3_IRQHandler                          0x08000157   Thumb Code     0  startup_stm32f051x8.o(.text)
    TIM6_DAC_IRQHandler                      0x08000157   Thumb Code     0  startup_stm32f051x8.o(.text)
    TSC_IRQHandler                           0x08000157   Thumb Code     0  startup_stm32f051x8.o(.text)
    USART1_IRQHandler                        0x08000157   Thumb Code     0  startup_stm32f051x8.o(.text)
    USART2_IRQHandler                        0x08000157   Thumb Code     0  startup_stm32f051x8.o(.text)
    WWDG_IRQHandler                          0x08000157   Thumb Code     0  startup_stm32f051x8.o(.text)
    __user_initial_stackheap                 0x08000159   Thumb Code     0  startup_stm32f051x8.o(.text)
    __use_two_region_memory                  0x0800017d   Thumb Code     2  heapauxi.o(.text)
    __rt_heap_escrow$2region                 0x0800017f   Thumb Code     2  heapauxi.o(.text)
    __rt_heap_expand$2region                 0x08000181   Thumb Code     2  heapauxi.o(.text)
    __user_libspace                          0x08000185   Thumb Code     8  libspace.o(.text)
    __user_perproc_libspace                  0x08000185   Thumb Code     0  libspace.o(.text)
    __user_perthread_libspace                0x08000185   Thumb Code     0  libspace.o(.text)
    __user_setup_stackheap                   0x0800018d   Thumb Code    62  sys_stackheap_outer.o(.text)
    exit                                     0x080001cb   Thumb Code    16  exit.o(.text)
    _sys_exit                                0x080001dd   Thumb Code     8  sys_exit.o(.text)
    __I$use$semihosting                      0x080001e9   Thumb Code     0  use_no_semi.o(.text)
    __use_no_semihosting_swi                 0x080001e9   Thumb Code     2  use_no_semi.o(.text)
    SystemInit                               0x080001eb   Thumb Code     2  system_stm32f0xx.o(.text.SystemInit)
    __semihosting_library_function           0x080001eb   Thumb Code     0  indicate_semi.o(.text)
    main                                     0x080001ed   Thumb Code    48  main.o(.text.main)
    Region$$Table$$Base                      0x0800021c   Number         0  anon$$obj.o(Region$$Table)
    Region$$Table$$Limit                     0x0800022c   Number         0  anon$$obj.o(Region$$Table)
    __libspace_start                         0x20000000   Data          96  libspace.o(.bss)
    __temporary_stack_top$libspace           0x20000060   Data           0  libspace.o(.bss)



==============================================================================

Memory Map of the image

  Image Entry point : 0x08000145

  Load Region LR_1 (Base: 0x08000000, Size: 0x0000022c, Max: 0xffffffff, ABSOLUTE)

    Execution Region ER_RO (Exec base: 0x08000000, Load base: 0x08000000, Size: 0x0000022c, Max: 0xffffffff, ABSOLUTE)

    Exec Addr    Load Addr    Size         Type   Attr      Idx    E Section Name        Object

    0x08000000   0x08000000   0x000000bc   Data   RO         1094    RESET               startup_stm32f051x8.o
    0x080000bc   0x080000bc   0x00000008   Code   RO         1140  * !!!main             c_p.l(__main.o)
    0x080000c4   0x080000c4   0x0000003c   Code   RO         1506    !!!scatter          c_p.l(__scatter.o)
    0x08000100   0x08000100   0x0000001c   Code   RO         1508    !!handler_zi        c_p.l(__scatter_zi.o)
    0x0800011c   0x0800011c   0x00000002   Code   RO         1364    .ARM.Collect$$libinit$$00000000  c_p.l(libinit.o)
    0x0800011e   0x0800011e   0x00000000   Code   RO         1381    .ARM.Collect$$libinit$$00000002  c_p.l(libinit2.o)
    0x0800011e   0x0800011e   0x00000000   Code   RO         1383    .ARM.Collect$$libinit$$00000004  c_p.l(libinit2.o)
    0x0800011e   0x0800011e   0x00000000   Code   RO         1386    .ARM.Collect$$libinit$$0000000A  c_p.l(libinit2.o)
    0x0800011e   0x0800011e   0x00000000   Code   RO         1388    .ARM.Collect$$libinit$$0000000C  c_p.l(libinit2.o)
    0x0800011e   0x0800011e   0x00000000   Code   RO         1390    .ARM.Collect$$libinit$$0000000E  c_p.l(libinit2.o)
    0x0800011e   0x0800011e   0x00000000   Code   RO         1393    .ARM.Collect$$libinit$$00000011  c_p.l(libinit2.o)
    0x0800011e   0x0800011e   0x00000000   Code   RO         1395    .ARM.Collect$$libinit$$00000013  c_p.l(libinit2.o)
    0x0800011e   0x0800011e   0x00000000   Code   RO         1397    .ARM.Collect$$libinit$$00000015  c_p.l(libinit2.o)
    0x0800011e   0x0800011e   0x00000000   Code   RO         1399    .ARM.Collect$$libinit$$00000017  c_p.l(libinit2.o)
    0x0800011e   0x0800011e   0x00000000   Code   RO         1401    .ARM.Collect$$libinit$$00000019  c_p.l(libinit2.o)
    0x0800011e   0x0800011e   0x00000000   Code   RO         1403    .ARM.Collect$$libinit$$0000001B  c_p.l(libinit2.o)
    0x0800011e   0x0800011e   0x00000000   Code   RO         1405    .ARM.Collect$$libinit$$0000001D  c_p.l(libinit2.o)
    0x0800011e   0x0800011e   0x00000000   Code   RO         1407    .ARM.Collect$$libinit$$0000001F  c_p.l(libinit2.o)
    0x0800011e   0x0800011e   0x00000000   Code   RO         1409    .ARM.Collect$$libinit$$00000021  c_p.l(libinit2.o)
    0x0800011e   0x0800011e   0x00000000   Code   RO         1411    .ARM.Collect$$libinit$$00000023  c_p.l(libinit2.o)
    0x0800011e   0x0800011e   0x00000000   Code   RO         1413    .ARM.Collect$$libinit$$00000025  c_p.l(libinit2.o)
    0x0800011e   0x0800011e   0x00000000   Code   RO         1417    .ARM.Collect$$libinit$$0000002C  c_p.l(libinit2.o)
    0x0800011e   0x0800011e   0x00000000   Code   RO         1419    .ARM.Collect$$libinit$$0000002E  c_p.l(libinit2.o)
    0x0800011e   0x0800011e   0x00000000   Code   RO         1421    .ARM.Collect$$libinit$$00000030  c_p.l(libinit2.o)
    0x0800011e   0x0800011e   0x00000000   Code   RO         1423    .ARM.Collect$$libinit$$00000032  c_p.l(libinit2.o)
    0x0800011e   0x0800011e   0x00000002   Code   RO         1424    .ARM.Collect$$libinit$$00000033  c_p.l(libinit2.o)
    0x08000120   0x08000120   0x00000002   Code   RO         1461    .ARM.Collect$$libshutdown$$00000000  c_p.l(libshutdown.o)
    0x08000122   0x08000122   0x00000000   Code   RO         1489    .ARM.Collect$$libshutdown$$00000002  c_p.l(libshutdown2.o)
    0x08000122   0x08000122   0x00000000   Code   RO         1491    .ARM.Collect$$libshutdown$$00000004  c_p.l(libshutdown2.o)
    0x08000122   0x08000122   0x00000000   Code   RO         1494    .ARM.Collect$$libshutdown$$00000007  c_p.l(libshutdown2.o)
    0x08000122   0x08000122   0x00000000   Code   RO         1497    .ARM.Collect$$libshutdown$$0000000A  c_p.l(libshutdown2.o)
    0x08000122   0x08000122   0x00000000   Code   RO         1499    .ARM.Collect$$libshutdown$$0000000C  c_p.l(libshutdown2.o)
    0x08000122   0x08000122   0x00000000   Code   RO         1502    .ARM.Collect$$libshutdown$$0000000F  c_p.l(libshutdown2.o)
    0x08000122   0x08000122   0x00000002   Code   RO         1503    .ARM.Collect$$libshutdown$$00000010  c_p.l(libshutdown2.o)
    0x08000124   0x08000124   0x00000000   Code   RO         1252    .ARM.Collect$$rtentry$$00000000  c_p.l(__rtentry.o)
    0x08000124   0x08000124   0x00000000   Code   RO         1322    .ARM.Collect$$rtentry$$00000002  c_p.l(__rtentry2.o)
    0x08000124   0x08000124   0x00000006   Code   RO         1334    .ARM.Collect$$rtentry$$00000004  c_p.l(__rtentry4.o)
    0x0800012a   0x0800012a   0x00000000   Code   RO         1324    .ARM.Collect$$rtentry$$00000009  c_p.l(__rtentry2.o)
    0x0800012a   0x0800012a   0x00000004   Code   RO         1325    .ARM.Collect$$rtentry$$0000000A  c_p.l(__rtentry2.o)
    0x0800012e   0x0800012e   0x00000000   Code   RO         1327    .ARM.Collect$$rtentry$$0000000C  c_p.l(__rtentry2.o)
    0x0800012e   0x0800012e   0x00000008   Code   RO         1328    .ARM.Collect$$rtentry$$0000000D  c_p.l(__rtentry2.o)
    0x08000136   0x08000136   0x00000002   Code   RO         1372    .ARM.Collect$$rtexit$$00000000  c_p.l(rtexit.o)
    0x08000138   0x08000138   0x00000000   Code   RO         1432    .ARM.Collect$$rtexit$$00000002  c_p.l(rtexit2.o)
    0x08000138   0x08000138   0x00000004   Code   RO         1433    .ARM.Collect$$rtexit$$00000003  c_p.l(rtexit2.o)
    0x0800013c   0x0800013c   0x00000006   Code   RO         1434    .ARM.Collect$$rtexit$$00000004  c_p.l(rtexit2.o)
    0x08000142   0x08000142   0x00000002   PAD
    0x08000144   0x08000144   0x00000038   Code   RO         1095  * .text               startup_stm32f051x8.o
    0x0800017c   0x0800017c   0x00000006   Code   RO         1138    .text               c_p.l(heapauxi.o)
    0x08000182   0x08000182   0x00000002   PAD
    0x08000184   0x08000184   0x00000008   Code   RO         1347    .text               c_p.l(libspace.o)
    0x0800018c   0x0800018c   0x0000003e   Code   RO         1350    .text               c_p.l(sys_stackheap_outer.o)
    0x080001ca   0x080001ca   0x00000010   Code   RO         1353    .text               c_p.l(exit.o)
    0x080001da   0x080001da   0x00000002   PAD
    0x080001dc   0x080001dc   0x0000000c   Code   RO         1427    .text               c_p.l(sys_exit.o)
    0x080001e8   0x080001e8   0x00000002   Code   RO         1450    .text               c_p.l(use_no_semi.o)
    0x080001ea   0x080001ea   0x00000000   Code   RO         1452    .text               c_p.l(indicate_semi.o)
    0x080001ea   0x080001ea   0x00000002   Code   RO         1102    .text.SystemInit    system_stm32f0xx.o
    0x080001ec   0x080001ec   0x00000030   Code   RO            2    .text.main          main.o
    0x0800021c   0x0800021c   0x00000010   Data   RO         1505    Region$$Table       anon$$obj.o


    Execution Region ER_RW (Exec base: 0x20000000, Load base: 0x0800022c, Size: 0x00000000, Max: 0xffffffff, ABSOLUTE)

    **** No section assigned to this execution region ****


    Execution Region ER_ZI (Exec base: 0x20000000, Load base: 0x0800022c, Size: 0x00000660, Max: 0xffffffff, ABSOLUTE)

    Exec Addr    Load Addr    Size         Type   Attr      Idx    E Section Name        Object

    0x20000000        -       0x00000060   Zero   RW         1348    .bss                c_p.l(libspace.o)
    0x20000060        -       0x00000200   Zero   RW         1093    HEAP                startup_stm32f051x8.o
    0x20000260        -       0x00000400   Zero   RW         1092    STACK               startup_stm32f051x8.o


==============================================================================

Image component sizes


      Code (inc. data)   RO Data    RW Data    ZI Data      Debug   Object Name

        48          8          0          0          0       1364   main.o
        56         26        188          0       1536        660   startup_stm32f051x8.o
         2          0          0          0          0       1800   system_stm32f0xx.o

    ----------------------------------------------------------------------
       106         34        204          0       1536       3824   Object Totals
         0          0         16          0          0          0   (incl. Generated)
         0          0          0          0          0          0   (incl. Padding)

    ----------------------------------------------------------------------

      Code (inc. data)   RO Data    RW Data    ZI Data      Debug   Library Member Name

         8          0          0          0          0         68   __main.o
         0          0          0          0          0          0   __rtentry.o
        12          0          0          0          0          0   __rtentry2.o
         6          0          0          0          0          0   __rtentry4.o
        60          8          0          0          0          0   __scatter.o
        28          0          0          0          0          0   __scatter_zi.o
        16          0          0          0          0         68   exit.o
         6          0          0          0          0        136   heapauxi.o
         0          0          0          0          0          0   indicate_semi.o
         2          0          0          0          0          0   libinit.o
         2          0          0          0          0          0   libinit2.o
         2          0          0          0          0          0   libshutdown.o
         2          0          0          0          0          0   libshutdown2.o
         8          4          0          0         96         68   libspace.o
         2          0          0          0          0          0   rtexit.o
        10          0          0          0          0          0   rtexit2.o
        12          4          0          0          0         60   sys_exit.o
        62          0          0          0          0         80   sys_stackheap_outer.o
         2          0          0          0          0         68   use_no_semi.o

    ----------------------------------------------------------------------
       246         16          0          0         96        548   Library Totals
         6          0          0          0          0          0   (incl. Padding)

    ----------------------------------------------------------------------

      Code (inc. data)   RO Data    RW Data    ZI Data      Debug   Library Name

       240         16          0          0         96        548   c_p.l

    ----------------------------------------------------------------------
       246         16          0          0         96        548   Library Totals

    ----------------------------------------------------------------------

==============================================================================


      Code (inc. data)   RO Data    RW Data    ZI Data      Debug   

       352         50        204          0       1632       4196   Grand Totals
       352         50        204          0       1632       4196   ELF Image Totals
       352         50        204          0          0          0   ROM Totals

==============================================================================

    Total RO  Size (Code + RO Data)                  556 (   0.54kB)
    Total RW  Size (RW Data + ZI Data)              1632 (   1.59kB)
    Total ROM Size (Code + RO Data + RW Data)        556 (   0.54kB)

==============================================================================

